Archive member included to satisfy reference by file (symbol)

../project2_bsp//libhal_bsp.a(alt_load.o)
                              ../project2_bsp//obj/HAL/src/crt0.o (alt_load)
../project2_bsp//libhal_bsp.a(alt_main.o)
                              ../project2_bsp//obj/HAL/src/crt0.o (alt_main)
../project2_bsp//libhal_bsp.a(alt_putstr.o)
                              obj/default/hello_world_small.o (alt_putstr)
../project2_bsp//libhal_bsp.a(alt_sys_init.o)
                              ../project2_bsp//libhal_bsp.a(alt_main.o) (alt_irq_init)
../project2_bsp//libhal_bsp.a(altera_avalon_jtag_uart_write.o)
                              ../project2_bsp//libhal_bsp.a(alt_putstr.o) (altera_avalon_jtag_uart_write)
../project2_bsp//libhal_bsp.a(alt_dcache_flush_all.o)
                              ../project2_bsp//libhal_bsp.a(alt_load.o) (alt_dcache_flush_all)
../project2_bsp//libhal_bsp.a(alt_icache_flush_all.o)
                              ../project2_bsp//libhal_bsp.a(alt_load.o) (alt_icache_flush_all)
../project2_bsp//libhal_bsp.a(altera_nios2_gen2_irq.o)
                              ../project2_bsp//libhal_bsp.a(alt_sys_init.o) (altera_nios2_gen2_irq_init)
/home/carlos/intelFPGA_lite/17.0/nios2eds/bin/gnu/H-x86_64-pc-linux-gnu/bin/../lib/gcc/nios2-elf/5.3.0/../../../../../H-x86_64-pc-linux-gnu/nios2-elf/lib/mno-hw-mul/libsmallc.a(lib_a-strlen.o)
                              ../project2_bsp//libhal_bsp.a(alt_putstr.o) (strlen)

Allocating common symbols
Common symbol       size              file

numchigh            0x4               obj/default/hello_world_small.o
numclks             0x4               obj/default/hello_world_small.o
numclow             0x4               obj/default/hello_world_small.o

Memory Configuration

Name             Origin             Length             Attributes
reset            0x0000000000000000 0x0000000000000020
ram              0x0000000000000020 0x0000000000000fe0
*default*        0x0000000000000000 0xffffffffffffffff

Linker script and memory map

LOAD ../project2_bsp//obj/HAL/src/crt0.o
LOAD obj/default/hello_world_small.o
LOAD /home/carlos/intelFPGA_lite/17.0/nios2eds/bin/gnu/H-x86_64-pc-linux-gnu/bin/../lib/gcc/nios2-elf/5.3.0/../../../../../H-x86_64-pc-linux-gnu/nios2-elf/lib/mno-hw-mul/libstdc++.a
LOAD /home/carlos/intelFPGA_lite/17.0/nios2eds/bin/gnu/H-x86_64-pc-linux-gnu/bin/../lib/gcc/nios2-elf/5.3.0/../../../../../H-x86_64-pc-linux-gnu/nios2-elf/lib/mno-hw-mul/libm.a
LOAD /home/carlos/intelFPGA_lite/17.0/nios2eds/bin/gnu/H-x86_64-pc-linux-gnu/bin/../lib/gcc/nios2-elf/5.3.0/mno-hw-mul/libgcc.a
START GROUP
LOAD /home/carlos/intelFPGA_lite/17.0/nios2eds/bin/gnu/H-x86_64-pc-linux-gnu/bin/../lib/gcc/nios2-elf/5.3.0/../../../../../H-x86_64-pc-linux-gnu/nios2-elf/lib/mno-hw-mul/libsmallc.a
LOAD /home/carlos/intelFPGA_lite/17.0/nios2eds/bin/gnu/H-x86_64-pc-linux-gnu/bin/../lib/gcc/nios2-elf/5.3.0/mno-hw-mul/libgcc.a
LOAD ../project2_bsp//libhal_bsp.a
LOAD /home/carlos/intelFPGA_lite/17.0/nios2eds/bin/gnu/H-x86_64-pc-linux-gnu/bin/../lib/gcc/nios2-elf/5.3.0/../../../../../H-x86_64-pc-linux-gnu/nios2-elf/lib/mno-hw-mul/libm.a
END GROUP
LOAD /home/carlos/intelFPGA_lite/17.0/nios2eds/bin/gnu/H-x86_64-pc-linux-gnu/bin/../lib/gcc/nios2-elf/5.3.0/mno-hw-mul/libgcc.a
                0x0000000000000000                __alt_mem_ram = 0x0

.entry          0x0000000000000000       0x20
 *(.entry)
 .entry         0x0000000000000000       0x20 ../project2_bsp//obj/HAL/src/crt0.o
                0x0000000000000000                __reset
                0x000000000000000c                _exit

.exceptions     0x0000000000000020        0x0
                0x0000000000000020                PROVIDE (__ram_exceptions_start, ABSOLUTE (.))
                0x0000000000000020                . = ALIGN (0x20)
 *(.irq)
 *(.exceptions.entry.label)
 *(.exceptions.entry.user)
 *(.exceptions.entry.ecc_fatal)
 *(.exceptions.entry)
 *(.exceptions.irqtest.user)
 *(.exceptions.irqtest)
 *(.exceptions.irqhandler.user)
 *(.exceptions.irqhandler)
 *(.exceptions.irqreturn.user)
 *(.exceptions.irqreturn)
 *(.exceptions.notirq.label)
 *(.exceptions.notirq.user)
 *(.exceptions.notirq)
 *(.exceptions.soft.user)
 *(.exceptions.soft)
 *(.exceptions.unknown.user)
 *(.exceptions.unknown)
 *(.exceptions.exit.label)
 *(.exceptions.exit.user)
 *(.exceptions.exit)
 *(.exceptions)
                0x0000000000000020                PROVIDE (__ram_exceptions_end, ABSOLUTE (.))
                0x0000000000000020                PROVIDE (__flash_exceptions_start, LOADADDR (.exceptions))

.text           0x0000000000000020      0x254
                [!provide]                        PROVIDE (stext, ABSOLUTE (.))
 *(.interp)
 *(.hash)
 *(.dynsym)
 *(.dynstr)
 *(.gnu.version)
 *(.gnu.version_d)
 *(.gnu.version_r)
 *(.rel.init)
 *(.rela.init)
 *(.rel.text .rel.text.* .rel.gnu.linkonce.t.*)
 *(.rela.text .rela.text.* .rela.gnu.linkonce.t.*)
 *(.rel.fini)
 *(.rela.fini)
 *(.rel.rodata .rel.rodata.* .rel.gnu.linkonce.r.*)
 *(.rela.rodata .rela.rodata.* .rela.gnu.linkonce.r.*)
 *(.rel.data .rel.data.* .rel.gnu.linkonce.d.*)
 *(.rela.data .rela.data.* .rela.gnu.linkonce.d.*)
 *(.rel.tdata .rel.tdata.* .rel.gnu.linkonce.td.*)
 *(.rela.tdata .rela.tdata.* .rela.gnu.linkonce.td.*)
 *(.rel.tbss .rel.tbss.* .rel.gnu.linkonce.tb.*)
 *(.rela.tbss .rela.tbss.* .rela.gnu.linkonce.tb.*)
 *(.rel.ctors)
 *(.rela.ctors)
 *(.rel.dtors)
 *(.rela.dtors)
 *(.rel.got)
 *(.rela.got)
 *(.rel.sdata .rel.sdata.* .rel.gnu.linkonce.s.*)
 *(.rela.sdata .rela.sdata.* .rela.gnu.linkonce.s.*)
 *(.rel.sbss .rel.sbss.* .rel.gnu.linkonce.sb.*)
 *(.rela.sbss .rela.sbss.* .rela.gnu.linkonce.sb.*)
 *(.rel.sdata2 .rel.sdata2.* .rel.gnu.linkonce.s2.*)
 *(.rela.sdata2 .rela.sdata2.* .rela.gnu.linkonce.s2.*)
 *(.rel.sbss2 .rel.sbss2.* .rel.gnu.linkonce.sb2.*)
 *(.rela.sbss2 .rela.sbss2.* .rela.gnu.linkonce.sb2.*)
 *(.rel.bss .rel.bss.* .rel.gnu.linkonce.b.*)
 *(.rela.bss .rela.bss.* .rela.gnu.linkonce.b.*)
 *(.rel.plt)
 *(.rela.plt)
 *(.rel.dyn)
 *(.init)
 *(.plt)
 *(.text .stub .text.* .gnu.linkonce.t.*)
 .text          0x0000000000000020       0x3c ../project2_bsp//obj/HAL/src/crt0.o
                0x0000000000000020                _start
 .text          0x000000000000005c        0x0 obj/default/hello_world_small.o
 .text.startup  0x000000000000005c       0x50 obj/default/hello_world_small.o
                0x000000000000005c                main
 .text          0x00000000000000ac       0xe0 ../project2_bsp//libhal_bsp.a(alt_load.o)
                0x00000000000000ac                alt_load
 .text          0x000000000000018c       0x2c ../project2_bsp//libhal_bsp.a(alt_main.o)
                0x000000000000018c                alt_main
 .text          0x00000000000001b8       0x38 ../project2_bsp//libhal_bsp.a(alt_putstr.o)
                0x00000000000001b8                alt_putstr
 .text          0x00000000000001f0       0x24 ../project2_bsp//libhal_bsp.a(alt_sys_init.o)
                0x00000000000001f0                alt_irq_init
                0x0000000000000210                alt_sys_init
 .text          0x0000000000000214       0x34 ../project2_bsp//libhal_bsp.a(altera_avalon_jtag_uart_write.o)
                0x0000000000000214                altera_avalon_jtag_uart_write
 .text          0x0000000000000248        0x4 ../project2_bsp//libhal_bsp.a(alt_dcache_flush_all.o)
                0x0000000000000248                alt_dcache_flush_all
 .text          0x000000000000024c        0x4 ../project2_bsp//libhal_bsp.a(alt_icache_flush_all.o)
                0x000000000000024c                alt_icache_flush_all
 .text          0x0000000000000250        0x8 ../project2_bsp//libhal_bsp.a(altera_nios2_gen2_irq.o)
                0x0000000000000250                altera_nios2_gen2_irq_init
 .text          0x0000000000000258        0x0 /home/carlos/intelFPGA_lite/17.0/nios2eds/bin/gnu/H-x86_64-pc-linux-gnu/bin/../lib/gcc/nios2-elf/5.3.0/../../../../../H-x86_64-pc-linux-gnu/nios2-elf/lib/mno-hw-mul/libsmallc.a(lib_a-strlen.o)
 .text.strlen   0x0000000000000258       0x1c /home/carlos/intelFPGA_lite/17.0/nios2eds/bin/gnu/H-x86_64-pc-linux-gnu/bin/../lib/gcc/nios2-elf/5.3.0/../../../../../H-x86_64-pc-linux-gnu/nios2-elf/lib/mno-hw-mul/libsmallc.a(lib_a-strlen.o)
                0x0000000000000258                strlen
 *(.gnu.warning.*)
 *(.fini)
                [!provide]                        PROVIDE (__etext, ABSOLUTE (.))
                [!provide]                        PROVIDE (_etext, ABSOLUTE (.))
                [!provide]                        PROVIDE (etext, ABSOLUTE (.))
 *(.eh_frame_hdr)
                0x0000000000000274                . = ALIGN (0x4)
                [!provide]                        PROVIDE (__preinit_array_start, ABSOLUTE (.))
 *(.preinit_array)
                [!provide]                        PROVIDE (__preinit_array_end, ABSOLUTE (.))
                [!provide]                        PROVIDE (__init_array_start, ABSOLUTE (.))
 *(.init_array)
                [!provide]                        PROVIDE (__init_array_end, ABSOLUTE (.))
                [!provide]                        PROVIDE (__fini_array_start, ABSOLUTE (.))
 *(.fini_array)
                [!provide]                        PROVIDE (__fini_array_end, ABSOLUTE (.))
 *(.eh_frame)
 *(.gcc_except_table .gcc_except_table.*)
 *(.dynamic)
                [!provide]                        PROVIDE (__CTOR_LIST__, ABSOLUTE (.))
 *(.ctors)
 *(SORT(.ctors.*))
                [!provide]                        PROVIDE (__CTOR_END__, ABSOLUTE (.))
                [!provide]                        PROVIDE (__DTOR_LIST__, ABSOLUTE (.))
 *(.dtors)
 *(SORT(.dtors.*))
                [!provide]                        PROVIDE (__DTOR_END__, ABSOLUTE (.))
 *(.jcr)
                0x0000000000000274                . = ALIGN (0x4)

.rodata         0x0000000000000274       0x10
                0x0000000000000274                PROVIDE (__ram_rodata_start, ABSOLUTE (.))
                0x0000000000000274                . = ALIGN (0x4)
 *(.rodata .rodata.* .gnu.linkonce.r.*)
 .rodata.str1.4
                0x0000000000000274       0x10 obj/default/hello_world_small.o
                                          0xe (size before relaxing)
 *(.rodata1)
                0x0000000000000284                . = ALIGN (0x4)
                0x0000000000000284                PROVIDE (__ram_rodata_end, ABSOLUTE (.))
                0x0000000000000274                PROVIDE (__flash_rodata_start, LOADADDR (.rodata))

.rwdata         0x0000000000000284        0x4 load address 0x0000000000000288
                0x0000000000000284                PROVIDE (__ram_rwdata_start, ABSOLUTE (.))
                0x0000000000000284                . = ALIGN (0x4)
 *(.got.plt)
 *(.got)
 *(.data1)
 *(.data .data.* .gnu.linkonce.d.*)
 .data          0x0000000000000284        0x0 ../project2_bsp//obj/HAL/src/crt0.o
 .data          0x0000000000000284        0x0 obj/default/hello_world_small.o
 .data          0x0000000000000284        0x0 ../project2_bsp//libhal_bsp.a(alt_load.o)
 .data          0x0000000000000284        0x0 ../project2_bsp//libhal_bsp.a(alt_main.o)
 .data          0x0000000000000284        0x0 ../project2_bsp//libhal_bsp.a(alt_putstr.o)
 .data          0x0000000000000284        0x0 ../project2_bsp//libhal_bsp.a(alt_sys_init.o)
 .data          0x0000000000000284        0x0 ../project2_bsp//libhal_bsp.a(altera_avalon_jtag_uart_write.o)
 .data          0x0000000000000284        0x0 ../project2_bsp//libhal_bsp.a(alt_dcache_flush_all.o)
 .data          0x0000000000000284        0x0 ../project2_bsp//libhal_bsp.a(alt_icache_flush_all.o)
 .data          0x0000000000000284        0x0 ../project2_bsp//libhal_bsp.a(altera_nios2_gen2_irq.o)
 .data          0x0000000000000284        0x0 /home/carlos/intelFPGA_lite/17.0/nios2eds/bin/gnu/H-x86_64-pc-linux-gnu/bin/../lib/gcc/nios2-elf/5.3.0/../../../../../H-x86_64-pc-linux-gnu/nios2-elf/lib/mno-hw-mul/libsmallc.a(lib_a-strlen.o)
                0x0000000000008284                _gp = ABSOLUTE ((. + 0x8000))
                [!provide]                        PROVIDE (gp, _gp)
 *(.rwdata .rwdata.*)
 *(.sdata .sdata.* .gnu.linkonce.s.*)
 .sdata         0x0000000000000284        0x4 ../project2_bsp//libhal_bsp.a(alt_sys_init.o)
                0x0000000000000284                uart
 *(.sdata2 .sdata2.* .gnu.linkonce.s2.*)
                0x0000000000000288                . = ALIGN (0x4)
                0x0000000000000288                _edata = ABSOLUTE (.)
                [!provide]                        PROVIDE (edata, ABSOLUTE (.))
                0x0000000000000288                PROVIDE (__ram_rwdata_end, ABSOLUTE (.))
                0x0000000000000288                PROVIDE (__flash_rwdata_start, LOADADDR (.rwdata))

.bss            0x000000000000028c       0x18
                0x000000000000028c                __bss_start = ABSOLUTE (.)
                [!provide]                        PROVIDE (__sbss_start, ABSOLUTE (.))
                [!provide]                        PROVIDE (___sbss_start, ABSOLUTE (.))
 *(.dynsbss)
 *(.sbss .sbss.* .gnu.linkonce.sb.*)
 .sbss          0x000000000000028c        0xc obj/default/hello_world_small.o
                0x000000000000028c                numchigh
                0x0000000000000290                numclks
                0x0000000000000294                numclow
 .sbss          0x0000000000000298        0xc ../project2_bsp//libhal_bsp.a(alt_main.o)
                0x0000000000000298                alt_envp
                0x000000000000029c                alt_argv
                0x00000000000002a0                alt_argc
 *(.sbss2 .sbss2.* .gnu.linkonce.sb2.*)
 *(.scommon)
                [!provide]                        PROVIDE (__sbss_end, ABSOLUTE (.))
                [!provide]                        PROVIDE (___sbss_end, ABSOLUTE (.))
 *(.dynbss)
 *(.bss .bss.* .gnu.linkonce.b.*)
 .bss           0x00000000000002a4        0x0 ../project2_bsp//obj/HAL/src/crt0.o
 .bss           0x00000000000002a4        0x0 obj/default/hello_world_small.o
 .bss           0x00000000000002a4        0x0 ../project2_bsp//libhal_bsp.a(alt_load.o)
 .bss           0x00000000000002a4        0x0 ../project2_bsp//libhal_bsp.a(alt_main.o)
 .bss           0x00000000000002a4        0x0 ../project2_bsp//libhal_bsp.a(alt_putstr.o)
 .bss           0x00000000000002a4        0x0 ../project2_bsp//libhal_bsp.a(alt_sys_init.o)
 .bss           0x00000000000002a4        0x0 ../project2_bsp//libhal_bsp.a(altera_avalon_jtag_uart_write.o)
 .bss           0x00000000000002a4        0x0 ../project2_bsp//libhal_bsp.a(alt_dcache_flush_all.o)
 .bss           0x00000000000002a4        0x0 ../project2_bsp//libhal_bsp.a(alt_icache_flush_all.o)
 .bss           0x00000000000002a4        0x0 ../project2_bsp//libhal_bsp.a(altera_nios2_gen2_irq.o)
 .bss           0x00000000000002a4        0x0 /home/carlos/intelFPGA_lite/17.0/nios2eds/bin/gnu/H-x86_64-pc-linux-gnu/bin/../lib/gcc/nios2-elf/5.3.0/../../../../../H-x86_64-pc-linux-gnu/nios2-elf/lib/mno-hw-mul/libsmallc.a(lib_a-strlen.o)
 *(COMMON)
                0x00000000000002a4                . = ALIGN (0x4)
                0x00000000000002a4                __bss_end = ABSOLUTE (.)

.ram            0x00000000000002a4        0x0
                [!provide]                        PROVIDE (_alt_partition_ram_start, ABSOLUTE (.))
 *(.ram .ram. ram.*)
                0x00000000000002a4                . = ALIGN (0x4)
                [!provide]                        PROVIDE (_alt_partition_ram_end, ABSOLUTE (.))
                0x00000000000002a4                _end = ABSOLUTE (.)
                0x00000000000002a4                end = ABSOLUTE (.)
                0x00000000000002a4                __alt_stack_base = ABSOLUTE (.)
                [!provide]                        PROVIDE (_alt_partition_ram_load_addr, LOADADDR (.ram))

.stab
 *(.stab)

.stabstr
 *(.stabstr)

.stab.excl
 *(.stab.excl)

.stab.exclstr
 *(.stab.exclstr)

.stab.index
 *(.stab.index)

.stab.indexstr
 *(.stab.indexstr)

.comment        0x0000000000000000       0x23
 *(.comment)
 .comment       0x0000000000000000       0x23 obj/default/hello_world_small.o
                                         0x24 (size before relaxing)
 .comment       0x0000000000000023       0x24 ../project2_bsp//libhal_bsp.a(alt_load.o)
 .comment       0x0000000000000023       0x24 ../project2_bsp//libhal_bsp.a(alt_main.o)
 .comment       0x0000000000000023       0x24 ../project2_bsp//libhal_bsp.a(alt_putstr.o)
 .comment       0x0000000000000023       0x24 ../project2_bsp//libhal_bsp.a(alt_sys_init.o)
 .comment       0x0000000000000023       0x24 ../project2_bsp//libhal_bsp.a(altera_avalon_jtag_uart_write.o)
 .comment       0x0000000000000023       0x24 ../project2_bsp//libhal_bsp.a(alt_dcache_flush_all.o)
 .comment       0x0000000000000023       0x24 ../project2_bsp//libhal_bsp.a(alt_icache_flush_all.o)
 .comment       0x0000000000000023       0x24 ../project2_bsp//libhal_bsp.a(altera_nios2_gen2_irq.o)
 .comment       0x0000000000000023       0x24 /home/carlos/intelFPGA_lite/17.0/nios2eds/bin/gnu/H-x86_64-pc-linux-gnu/bin/../lib/gcc/nios2-elf/5.3.0/../../../../../H-x86_64-pc-linux-gnu/nios2-elf/lib/mno-hw-mul/libsmallc.a(lib_a-strlen.o)

.debug
 *(.debug)

.line
 *(.line)

.debug_srcinfo
 *(.debug_srcinfo)

.debug_sfnames
 *(.debug_sfnames)

.debug_aranges  0x0000000000000000      0x168
 *(.debug_aranges)
 .debug_aranges
                0x0000000000000000       0x28 ../project2_bsp//obj/HAL/src/crt0.o
 .debug_aranges
                0x0000000000000028       0x20 obj/default/hello_world_small.o
 .debug_aranges
                0x0000000000000048       0x20 ../project2_bsp//libhal_bsp.a(alt_load.o)
 .debug_aranges
                0x0000000000000068       0x20 ../project2_bsp//libhal_bsp.a(alt_main.o)
 .debug_aranges
                0x0000000000000088       0x20 ../project2_bsp//libhal_bsp.a(alt_putstr.o)
 .debug_aranges
                0x00000000000000a8       0x20 ../project2_bsp//libhal_bsp.a(alt_sys_init.o)
 .debug_aranges
                0x00000000000000c8       0x20 ../project2_bsp//libhal_bsp.a(altera_avalon_jtag_uart_write.o)
 .debug_aranges
                0x00000000000000e8       0x20 ../project2_bsp//libhal_bsp.a(alt_dcache_flush_all.o)
 .debug_aranges
                0x0000000000000108       0x20 ../project2_bsp//libhal_bsp.a(alt_icache_flush_all.o)
 .debug_aranges
                0x0000000000000128       0x20 ../project2_bsp//libhal_bsp.a(altera_nios2_gen2_irq.o)
 .debug_aranges
                0x0000000000000148       0x20 /home/carlos/intelFPGA_lite/17.0/nios2eds/bin/gnu/H-x86_64-pc-linux-gnu/bin/../lib/gcc/nios2-elf/5.3.0/../../../../../H-x86_64-pc-linux-gnu/nios2-elf/lib/mno-hw-mul/libsmallc.a(lib_a-strlen.o)

.debug_pubnames
 *(.debug_pubnames)

.debug_info     0x0000000000000000      0xb70
 *(.debug_info .gnu.linkonce.wi.*)
 .debug_info    0x0000000000000000       0x85 ../project2_bsp//obj/HAL/src/crt0.o
 .debug_info    0x0000000000000085       0xcc obj/default/hello_world_small.o
 .debug_info    0x0000000000000151      0x1c9 ../project2_bsp//libhal_bsp.a(alt_load.o)
 .debug_info    0x000000000000031a      0x169 ../project2_bsp//libhal_bsp.a(alt_main.o)
 .debug_info    0x0000000000000483      0x13a ../project2_bsp//libhal_bsp.a(alt_putstr.o)
 .debug_info    0x00000000000005bd      0x19d ../project2_bsp//libhal_bsp.a(alt_sys_init.o)
 .debug_info    0x000000000000075a      0x197 ../project2_bsp//libhal_bsp.a(altera_avalon_jtag_uart_write.o)
 .debug_info    0x00000000000008f1       0x92 ../project2_bsp//libhal_bsp.a(alt_dcache_flush_all.o)
 .debug_info    0x0000000000000983       0x92 ../project2_bsp//libhal_bsp.a(alt_icache_flush_all.o)
 .debug_info    0x0000000000000a15       0x92 ../project2_bsp//libhal_bsp.a(altera_nios2_gen2_irq.o)
 .debug_info    0x0000000000000aa7       0xc9 /home/carlos/intelFPGA_lite/17.0/nios2eds/bin/gnu/H-x86_64-pc-linux-gnu/bin/../lib/gcc/nios2-elf/5.3.0/../../../../../H-x86_64-pc-linux-gnu/nios2-elf/lib/mno-hw-mul/libsmallc.a(lib_a-strlen.o)

.debug_abbrev   0x0000000000000000      0x689
 *(.debug_abbrev)
 .debug_abbrev  0x0000000000000000       0x12 ../project2_bsp//obj/HAL/src/crt0.o
 .debug_abbrev  0x0000000000000012       0xb6 obj/default/hello_world_small.o
 .debug_abbrev  0x00000000000000c8       0xd8 ../project2_bsp//libhal_bsp.a(alt_load.o)
 .debug_abbrev  0x00000000000001a0       0xee ../project2_bsp//libhal_bsp.a(alt_main.o)
 .debug_abbrev  0x000000000000028e       0xd3 ../project2_bsp//libhal_bsp.a(alt_putstr.o)
 .debug_abbrev  0x0000000000000361      0x10e ../project2_bsp//libhal_bsp.a(alt_sys_init.o)
 .debug_abbrev  0x000000000000046f       0xd5 ../project2_bsp//libhal_bsp.a(altera_avalon_jtag_uart_write.o)
 .debug_abbrev  0x0000000000000544       0x42 ../project2_bsp//libhal_bsp.a(alt_dcache_flush_all.o)
 .debug_abbrev  0x0000000000000586       0x42 ../project2_bsp//libhal_bsp.a(alt_icache_flush_all.o)
 .debug_abbrev  0x00000000000005c8       0x42 ../project2_bsp//libhal_bsp.a(altera_nios2_gen2_irq.o)
 .debug_abbrev  0x000000000000060a       0x7f /home/carlos/intelFPGA_lite/17.0/nios2eds/bin/gnu/H-x86_64-pc-linux-gnu/bin/../lib/gcc/nios2-elf/5.3.0/../../../../../H-x86_64-pc-linux-gnu/nios2-elf/lib/mno-hw-mul/libsmallc.a(lib_a-strlen.o)

.debug_line     0x0000000000000000      0x751
 *(.debug_line)
 .debug_line    0x0000000000000000       0x66 ../project2_bsp//obj/HAL/src/crt0.o
 .debug_line    0x0000000000000066       0x89 obj/default/hello_world_small.o
 .debug_line    0x00000000000000ef       0xa4 ../project2_bsp//libhal_bsp.a(alt_load.o)
 .debug_line    0x0000000000000193       0xbd ../project2_bsp//libhal_bsp.a(alt_main.o)
 .debug_line    0x0000000000000250       0xaf ../project2_bsp//libhal_bsp.a(alt_putstr.o)
 .debug_line    0x00000000000002ff      0x11a ../project2_bsp//libhal_bsp.a(alt_sys_init.o)
 .debug_line    0x0000000000000419       0xf0 ../project2_bsp//libhal_bsp.a(altera_avalon_jtag_uart_write.o)
 .debug_line    0x0000000000000509       0x4e ../project2_bsp//libhal_bsp.a(alt_dcache_flush_all.o)
 .debug_line    0x0000000000000557       0x4e ../project2_bsp//libhal_bsp.a(alt_icache_flush_all.o)
 .debug_line    0x00000000000005a5       0x50 ../project2_bsp//libhal_bsp.a(altera_nios2_gen2_irq.o)
 .debug_line    0x00000000000005f5      0x15c /home/carlos/intelFPGA_lite/17.0/nios2eds/bin/gnu/H-x86_64-pc-linux-gnu/bin/../lib/gcc/nios2-elf/5.3.0/../../../../../H-x86_64-pc-linux-gnu/nios2-elf/lib/mno-hw-mul/libsmallc.a(lib_a-strlen.o)

.debug_frame    0x0000000000000000      0x190
 *(.debug_frame)
 .debug_frame   0x0000000000000000       0x28 obj/default/hello_world_small.o
 .debug_frame   0x0000000000000028       0x30 ../project2_bsp//libhal_bsp.a(alt_load.o)
 .debug_frame   0x0000000000000058       0x2c ../project2_bsp//libhal_bsp.a(alt_main.o)
 .debug_frame   0x0000000000000084       0x30 ../project2_bsp//libhal_bsp.a(alt_putstr.o)
 .debug_frame   0x00000000000000b4       0x3c ../project2_bsp//libhal_bsp.a(alt_sys_init.o)
 .debug_frame   0x00000000000000f0       0x20 ../project2_bsp//libhal_bsp.a(altera_avalon_jtag_uart_write.o)
 .debug_frame   0x0000000000000110       0x20 ../project2_bsp//libhal_bsp.a(alt_dcache_flush_all.o)
 .debug_frame   0x0000000000000130       0x20 ../project2_bsp//libhal_bsp.a(alt_icache_flush_all.o)
 .debug_frame   0x0000000000000150       0x20 ../project2_bsp//libhal_bsp.a(altera_nios2_gen2_irq.o)
 .debug_frame   0x0000000000000170       0x20 /home/carlos/intelFPGA_lite/17.0/nios2eds/bin/gnu/H-x86_64-pc-linux-gnu/bin/../lib/gcc/nios2-elf/5.3.0/../../../../../H-x86_64-pc-linux-gnu/nios2-elf/lib/mno-hw-mul/libsmallc.a(lib_a-strlen.o)

.debug_str      0x0000000000000000      0x625
 *(.debug_str)
 .debug_str     0x0000000000000000       0xd5 obj/default/hello_world_small.o
                                         0xe3 (size before relaxing)
 .debug_str     0x00000000000000d5      0x1d1 ../project2_bsp//libhal_bsp.a(alt_load.o)
                                        0x253 (size before relaxing)
 .debug_str     0x00000000000002a6       0x8f ../project2_bsp//libhal_bsp.a(alt_main.o)
                                        0x1cc (size before relaxing)
 .debug_str     0x0000000000000335       0x5f ../project2_bsp//libhal_bsp.a(alt_putstr.o)
                                        0x1a2 (size before relaxing)
 .debug_str     0x0000000000000394       0xb9 ../project2_bsp//libhal_bsp.a(alt_sys_init.o)
                                        0x26e (size before relaxing)
 .debug_str     0x000000000000044d       0x3f ../project2_bsp//libhal_bsp.a(altera_avalon_jtag_uart_write.o)
                                        0x22c (size before relaxing)
 .debug_str     0x000000000000048c       0x1f ../project2_bsp//libhal_bsp.a(alt_dcache_flush_all.o)
                                        0x16c (size before relaxing)
 .debug_str     0x00000000000004ab       0x1f ../project2_bsp//libhal_bsp.a(alt_icache_flush_all.o)
                                        0x16c (size before relaxing)
 .debug_str     0x00000000000004ca       0x20 ../project2_bsp//libhal_bsp.a(altera_nios2_gen2_irq.o)
                                        0x173 (size before relaxing)
 .debug_str     0x00000000000004ea      0x13b /home/carlos/intelFPGA_lite/17.0/nios2eds/bin/gnu/H-x86_64-pc-linux-gnu/bin/../lib/gcc/nios2-elf/5.3.0/../../../../../H-x86_64-pc-linux-gnu/nios2-elf/lib/mno-hw-mul/libsmallc.a(lib_a-strlen.o)
                                        0x1e6 (size before relaxing)

.debug_loc      0x0000000000000000      0x115
 *(.debug_loc)
 .debug_loc     0x0000000000000000       0x14 obj/default/hello_world_small.o
 .debug_loc     0x0000000000000014       0x37 ../project2_bsp//libhal_bsp.a(alt_putstr.o)
 .debug_loc     0x000000000000004b       0x21 ../project2_bsp//libhal_bsp.a(alt_sys_init.o)
 .debug_loc     0x000000000000006c       0x8b ../project2_bsp//libhal_bsp.a(altera_avalon_jtag_uart_write.o)
 .debug_loc     0x00000000000000f7       0x1e /home/carlos/intelFPGA_lite/17.0/nios2eds/bin/gnu/H-x86_64-pc-linux-gnu/bin/../lib/gcc/nios2-elf/5.3.0/../../../../../H-x86_64-pc-linux-gnu/nios2-elf/lib/mno-hw-mul/libsmallc.a(lib_a-strlen.o)

.debug_macinfo
 *(.debug_macinfo)

.debug_weaknames
 *(.debug_weaknames)

.debug_funcnames
 *(.debug_funcnames)

.debug_typenames
 *(.debug_typenames)

.debug_varnames
 *(.debug_varnames)

.debug_alt_sim_info
                0x0000000000000000       0x10
 *(.debug_alt_sim_info)
 .debug_alt_sim_info
                0x0000000000000000       0x10 ../project2_bsp//obj/HAL/src/crt0.o
                0x0000000000001000                __alt_data_end = 0x1000
                0x0000000000001000                PROVIDE (__alt_stack_pointer, __alt_data_end)
                [!provide]                        PROVIDE (__alt_stack_limit, __alt_stack_base)
                [!provide]                        PROVIDE (__alt_heap_start, end)
                [!provide]                        PROVIDE (__alt_heap_limit, 0x1000)
OUTPUT(project2.elf elf32-littlenios2)

.debug_ranges   0x0000000000000000       0x88
 .debug_ranges  0x0000000000000000       0x20 ../project2_bsp//obj/HAL/src/crt0.o
 .debug_ranges  0x0000000000000020       0x10 obj/default/hello_world_small.o
 .debug_ranges  0x0000000000000030       0x48 ../project2_bsp//libhal_bsp.a(alt_load.o)
 .debug_ranges  0x0000000000000078       0x10 /home/carlos/intelFPGA_lite/17.0/nios2eds/bin/gnu/H-x86_64-pc-linux-gnu/bin/../lib/gcc/nios2-elf/5.3.0/../../../../../H-x86_64-pc-linux-gnu/nios2-elf/lib/mno-hw-mul/libsmallc.a(lib_a-strlen.o)
