Archive member included to satisfy reference by file (symbol)

/home/cgomez/intelFPGA_lite/17.0/nios2eds/bin/gnu/H-x86_64-pc-linux-gnu/bin/../lib/gcc/nios2-elf/5.3.0/mno-hw-mul/libgcc.a(lib2-divmod.o)
                              obj/default/hello_world_small.o (__divsi3)
../Proyecto2_2_bsp//libhal_bsp.a(alt_irq_register.o)
                              obj/default/hello_world_small.o (alt_irq_register)
../Proyecto2_2_bsp//libhal_bsp.a(alt_irq_vars.o)
                              ../Proyecto2_2_bsp//libhal_bsp.a(alt_irq_register.o) (alt_irq_active)
../Proyecto2_2_bsp//libhal_bsp.a(alt_load.o)
                              ../Proyecto2_2_bsp//obj/HAL/src/crt0.o (alt_load)
../Proyecto2_2_bsp//libhal_bsp.a(alt_main.o)
                              ../Proyecto2_2_bsp//obj/HAL/src/crt0.o (alt_main)
../Proyecto2_2_bsp//libhal_bsp.a(alt_sys_init.o)
                              ../Proyecto2_2_bsp//libhal_bsp.a(alt_main.o) (alt_irq_init)
../Proyecto2_2_bsp//libhal_bsp.a(alt_dcache_flush_all.o)
                              ../Proyecto2_2_bsp//libhal_bsp.a(alt_load.o) (alt_dcache_flush_all)
../Proyecto2_2_bsp//libhal_bsp.a(alt_icache_flush_all.o)
                              ../Proyecto2_2_bsp//libhal_bsp.a(alt_load.o) (alt_icache_flush_all)
../Proyecto2_2_bsp//libhal_bsp.a(alt_irq_entry.o)
                              ../Proyecto2_2_bsp//libhal_bsp.a(alt_irq_register.o) (alt_irq_entry)
../Proyecto2_2_bsp//libhal_bsp.a(alt_irq_handler.o)
                              ../Proyecto2_2_bsp//libhal_bsp.a(alt_irq_register.o) (alt_irq_handler)
../Proyecto2_2_bsp//libhal_bsp.a(altera_nios2_gen2_irq.o)
                              ../Proyecto2_2_bsp//libhal_bsp.a(alt_sys_init.o) (altera_nios2_gen2_irq_init)
../Proyecto2_2_bsp//libhal_bsp.a(alt_exception_entry.o)
                              ../Proyecto2_2_bsp//libhal_bsp.a(alt_irq_entry.o) (alt_exception)
../Proyecto2_2_bsp//libhal_bsp.a(alt_instruction_exception_entry.o)
                              ../Proyecto2_2_bsp//libhal_bsp.a(alt_exception_entry.o) (alt_instruction_exception_entry)

Allocating common symbols
Common symbol       size              file

alt_irq             0x100             ../Proyecto2_2_bsp//libhal_bsp.a(alt_irq_handler.o)
mask                0x4               obj/default/hello_world_small.o

Memory Configuration

Name             Origin             Length             Attributes
reset            0x0000000000000000 0x0000000000000020
ram              0x0000000000000020 0x0000000000000fe0
*default*        0x0000000000000000 0xffffffffffffffff

Linker script and memory map

LOAD ../Proyecto2_2_bsp//obj/HAL/src/crt0.o
LOAD obj/default/hello_world_small.o
LOAD /home/cgomez/intelFPGA_lite/17.0/nios2eds/bin/gnu/H-x86_64-pc-linux-gnu/bin/../lib/gcc/nios2-elf/5.3.0/../../../../../H-x86_64-pc-linux-gnu/nios2-elf/lib/mno-hw-mul/libstdc++.a
LOAD /home/cgomez/intelFPGA_lite/17.0/nios2eds/bin/gnu/H-x86_64-pc-linux-gnu/bin/../lib/gcc/nios2-elf/5.3.0/../../../../../H-x86_64-pc-linux-gnu/nios2-elf/lib/mno-hw-mul/libm.a
LOAD /home/cgomez/intelFPGA_lite/17.0/nios2eds/bin/gnu/H-x86_64-pc-linux-gnu/bin/../lib/gcc/nios2-elf/5.3.0/mno-hw-mul/libgcc.a
START GROUP
LOAD /home/cgomez/intelFPGA_lite/17.0/nios2eds/bin/gnu/H-x86_64-pc-linux-gnu/bin/../lib/gcc/nios2-elf/5.3.0/../../../../../H-x86_64-pc-linux-gnu/nios2-elf/lib/mno-hw-mul/libsmallc.a
LOAD /home/cgomez/intelFPGA_lite/17.0/nios2eds/bin/gnu/H-x86_64-pc-linux-gnu/bin/../lib/gcc/nios2-elf/5.3.0/mno-hw-mul/libgcc.a
LOAD ../Proyecto2_2_bsp//libhal_bsp.a
LOAD /home/cgomez/intelFPGA_lite/17.0/nios2eds/bin/gnu/H-x86_64-pc-linux-gnu/bin/../lib/gcc/nios2-elf/5.3.0/../../../../../H-x86_64-pc-linux-gnu/nios2-elf/lib/mno-hw-mul/libm.a
END GROUP
LOAD /home/cgomez/intelFPGA_lite/17.0/nios2eds/bin/gnu/H-x86_64-pc-linux-gnu/bin/../lib/gcc/nios2-elf/5.3.0/mno-hw-mul/libgcc.a
                0x0000000000000000                __alt_mem_ram = 0x0

.entry          0x0000000000000000       0x20
 *(.entry)
 .entry         0x0000000000000000       0x20 ../Proyecto2_2_bsp//obj/HAL/src/crt0.o
                0x0000000000000000                __reset
                0x000000000000000c                _exit

.exceptions     0x0000000000000020      0x160
                0x0000000000000020                PROVIDE (__ram_exceptions_start, ABSOLUTE (.))
                0x0000000000000020                . = ALIGN (0x20)
 *(.irq)
 *(.exceptions.entry.label)
 .exceptions.entry.label
                0x0000000000000020        0x0 ../Proyecto2_2_bsp//libhal_bsp.a(alt_irq_entry.o)
                0x0000000000000020                alt_irq_entry
 .exceptions.entry.label
                0x0000000000000020        0x0 ../Proyecto2_2_bsp//libhal_bsp.a(alt_exception_entry.o)
                0x0000000000000020                alt_exception
 *(.exceptions.entry.user)
 *(.exceptions.entry.ecc_fatal)
 *(.exceptions.entry)
 .exceptions.entry
                0x0000000000000020       0x54 ../Proyecto2_2_bsp//libhal_bsp.a(alt_exception_entry.o)
 *(.exceptions.irqtest.user)
 *(.exceptions.irqtest)
 .exceptions.irqtest
                0x0000000000000074       0x10 ../Proyecto2_2_bsp//libhal_bsp.a(alt_irq_entry.o)
 *(.exceptions.irqhandler.user)
 *(.exceptions.irqhandler)
 .exceptions.irqhandler
                0x0000000000000084        0x4 ../Proyecto2_2_bsp//libhal_bsp.a(alt_irq_entry.o)
 *(.exceptions.irqreturn.user)
 *(.exceptions.irqreturn)
 .exceptions.irqreturn
                0x0000000000000088        0x4 ../Proyecto2_2_bsp//libhal_bsp.a(alt_irq_entry.o)
 *(.exceptions.notirq.label)
 .exceptions.notirq.label
                0x000000000000008c        0x0 ../Proyecto2_2_bsp//libhal_bsp.a(alt_irq_entry.o)
 *(.exceptions.notirq.user)
 *(.exceptions.notirq)
 .exceptions.notirq
                0x000000000000008c        0x8 ../Proyecto2_2_bsp//libhal_bsp.a(alt_exception_entry.o)
 *(.exceptions.soft.user)
 *(.exceptions.soft)
 *(.exceptions.unknown.user)
 *(.exceptions.unknown)
 .exceptions.unknown
                0x0000000000000094       0x14 ../Proyecto2_2_bsp//libhal_bsp.a(alt_exception_entry.o)
 *(.exceptions.exit.label)
 .exceptions.exit.label
                0x00000000000000a8        0x0 ../Proyecto2_2_bsp//libhal_bsp.a(alt_irq_entry.o)
 .exceptions.exit.label
                0x00000000000000a8        0x0 ../Proyecto2_2_bsp//libhal_bsp.a(alt_exception_entry.o)
 *(.exceptions.exit.user)
 *(.exceptions.exit)
 .exceptions.exit
                0x00000000000000a8       0x54 ../Proyecto2_2_bsp//libhal_bsp.a(alt_exception_entry.o)
 *(.exceptions)
 .exceptions    0x00000000000000fc       0x60 ../Proyecto2_2_bsp//libhal_bsp.a(alt_irq_handler.o)
                0x00000000000000fc                alt_irq_handler
 .exceptions    0x000000000000015c       0x24 ../Proyecto2_2_bsp//libhal_bsp.a(alt_instruction_exception_entry.o)
                0x000000000000015c                alt_instruction_exception_entry
                0x0000000000000180                PROVIDE (__ram_exceptions_end, ABSOLUTE (.))
                0x0000000000000020                PROVIDE (__flash_exceptions_start, LOADADDR (.exceptions))

.text           0x0000000000000180      0xd34
                [!provide]                        PROVIDE (stext, ABSOLUTE (.))
 *(.interp)
 *(.hash)
 *(.dynsym)
 *(.dynstr)
 *(.gnu.version)
 *(.gnu.version_d)
 *(.gnu.version_r)
 *(.rel.init)
 *(.rela.init)
 *(.rel.text .rel.text.* .rel.gnu.linkonce.t.*)
 *(.rela.text .rela.text.* .rela.gnu.linkonce.t.*)
 *(.rel.fini)
 *(.rela.fini)
 *(.rel.rodata .rel.rodata.* .rel.gnu.linkonce.r.*)
 *(.rela.rodata .rela.rodata.* .rela.gnu.linkonce.r.*)
 *(.rel.data .rel.data.* .rel.gnu.linkonce.d.*)
 *(.rela.data .rela.data.* .rela.gnu.linkonce.d.*)
 *(.rel.tdata .rel.tdata.* .rel.gnu.linkonce.td.*)
 *(.rela.tdata .rela.tdata.* .rela.gnu.linkonce.td.*)
 *(.rel.tbss .rel.tbss.* .rel.gnu.linkonce.tb.*)
 *(.rela.tbss .rela.tbss.* .rela.gnu.linkonce.tb.*)
 *(.rel.ctors)
 *(.rela.ctors)
 *(.rel.dtors)
 *(.rela.dtors)
 *(.rel.got)
 *(.rela.got)
 *(.rel.sdata .rel.sdata.* .rel.gnu.linkonce.s.*)
 *(.rela.sdata .rela.sdata.* .rela.gnu.linkonce.s.*)
 *(.rel.sbss .rel.sbss.* .rel.gnu.linkonce.sb.*)
 *(.rela.sbss .rela.sbss.* .rela.gnu.linkonce.sb.*)
 *(.rel.sdata2 .rel.sdata2.* .rel.gnu.linkonce.s2.*)
 *(.rela.sdata2 .rela.sdata2.* .rela.gnu.linkonce.s2.*)
 *(.rel.sbss2 .rel.sbss2.* .rel.gnu.linkonce.sb2.*)
 *(.rela.sbss2 .rela.sbss2.* .rela.gnu.linkonce.sb2.*)
 *(.rel.bss .rel.bss.* .rel.gnu.linkonce.b.*)
 *(.rela.bss .rela.bss.* .rela.gnu.linkonce.b.*)
 *(.rel.plt)
 *(.rela.plt)
 *(.rel.dyn)
 *(.init)
 *(.plt)
 *(.text .stub .text.* .gnu.linkonce.t.*)
 .text          0x0000000000000180       0x3c ../Proyecto2_2_bsp//obj/HAL/src/crt0.o
                0x0000000000000180                _start
 .text          0x00000000000001bc      0x750 obj/default/hello_world_small.o
                0x00000000000001d4                SDECO
                0x0000000000000438                ADECO
                0x000000000000069c                DECO
 .text.startup  0x000000000000090c      0x1ac obj/default/hello_world_small.o
                0x000000000000090c                main
 .text          0x0000000000000ab8      0x1b4 /home/cgomez/intelFPGA_lite/17.0/nios2eds/bin/gnu/H-x86_64-pc-linux-gnu/bin/../lib/gcc/nios2-elf/5.3.0/mno-hw-mul/libgcc.a(lib2-divmod.o)
                0x0000000000000ab8                __divsi3
                0x0000000000000b3c                __modsi3
                0x0000000000000bb0                __udivsi3
                0x0000000000000c14                __umodsi3
 .text          0x0000000000000c6c       0x94 ../Proyecto2_2_bsp//libhal_bsp.a(alt_irq_register.o)
                0x0000000000000c6c                alt_irq_register
 .text          0x0000000000000d00        0x0 ../Proyecto2_2_bsp//libhal_bsp.a(alt_irq_vars.o)
 .text          0x0000000000000d00       0xe0 ../Proyecto2_2_bsp//libhal_bsp.a(alt_load.o)
                0x0000000000000d00                alt_load
 .text          0x0000000000000de0       0x2c ../Proyecto2_2_bsp//libhal_bsp.a(alt_main.o)
                0x0000000000000de0                alt_main
 .text          0x0000000000000e0c       0x24 ../Proyecto2_2_bsp//libhal_bsp.a(alt_sys_init.o)
                0x0000000000000e0c                alt_irq_init
                0x0000000000000e2c                alt_sys_init
 .text          0x0000000000000e30        0x4 ../Proyecto2_2_bsp//libhal_bsp.a(alt_dcache_flush_all.o)
                0x0000000000000e30                alt_dcache_flush_all
 .text          0x0000000000000e34        0x4 ../Proyecto2_2_bsp//libhal_bsp.a(alt_icache_flush_all.o)
                0x0000000000000e34                alt_icache_flush_all
 .text          0x0000000000000e38        0x0 ../Proyecto2_2_bsp//libhal_bsp.a(alt_irq_entry.o)
 .text          0x0000000000000e38        0x0 ../Proyecto2_2_bsp//libhal_bsp.a(alt_irq_handler.o)
 .text          0x0000000000000e38        0x8 ../Proyecto2_2_bsp//libhal_bsp.a(altera_nios2_gen2_irq.o)
                0x0000000000000e38                altera_nios2_gen2_irq_init
 .text          0x0000000000000e40        0x0 ../Proyecto2_2_bsp//libhal_bsp.a(alt_exception_entry.o)
 .text          0x0000000000000e40       0x74 ../Proyecto2_2_bsp//libhal_bsp.a(alt_instruction_exception_entry.o)
                0x0000000000000e40                alt_exception_cause_generated_bad_addr
 *(.gnu.warning.*)
 *(.fini)
                [!provide]                        PROVIDE (__etext, ABSOLUTE (.))
                [!provide]                        PROVIDE (_etext, ABSOLUTE (.))
                [!provide]                        PROVIDE (etext, ABSOLUTE (.))
 *(.eh_frame_hdr)
                0x0000000000000eb4                . = ALIGN (0x4)
                [!provide]                        PROVIDE (__preinit_array_start, ABSOLUTE (.))
 *(.preinit_array)
                [!provide]                        PROVIDE (__preinit_array_end, ABSOLUTE (.))
                [!provide]                        PROVIDE (__init_array_start, ABSOLUTE (.))
 *(.init_array)
                [!provide]                        PROVIDE (__init_array_end, ABSOLUTE (.))
                [!provide]                        PROVIDE (__fini_array_start, ABSOLUTE (.))
 *(.fini_array)
                [!provide]                        PROVIDE (__fini_array_end, ABSOLUTE (.))
 *(.eh_frame)
 *(.gcc_except_table .gcc_except_table.*)
 *(.dynamic)
                [!provide]                        PROVIDE (__CTOR_LIST__, ABSOLUTE (.))
 *(.ctors)
 *(SORT(.ctors.*))
                [!provide]                        PROVIDE (__CTOR_END__, ABSOLUTE (.))
                [!provide]                        PROVIDE (__DTOR_LIST__, ABSOLUTE (.))
 *(.dtors)
 *(SORT(.dtors.*))
                [!provide]                        PROVIDE (__DTOR_END__, ABSOLUTE (.))
 *(.jcr)
                0x0000000000000eb4                . = ALIGN (0x4)

.rodata         0x0000000000000eb4        0x0
                0x0000000000000eb4                PROVIDE (__ram_rodata_start, ABSOLUTE (.))
                0x0000000000000eb4                . = ALIGN (0x4)
 *(.rodata .rodata.* .gnu.linkonce.r.*)
 *(.rodata1)
                0x0000000000000eb4                . = ALIGN (0x4)
                0x0000000000000eb4                PROVIDE (__ram_rodata_end, ABSOLUTE (.))
                0x0000000000000eb4                PROVIDE (__flash_rodata_start, LOADADDR (.rodata))

.rwdata         0x0000000000000eb4       0x34 load address 0x0000000000000ee8
                0x0000000000000eb4                PROVIDE (__ram_rwdata_start, ABSOLUTE (.))
                0x0000000000000eb4                . = ALIGN (0x4)
 *(.got.plt)
 *(.got)
 *(.data1)
 *(.data .data.* .gnu.linkonce.d.*)
 .data          0x0000000000000eb4        0x0 ../Proyecto2_2_bsp//obj/HAL/src/crt0.o
 .data          0x0000000000000eb4        0x0 obj/default/hello_world_small.o
 .data          0x0000000000000eb4        0x0 /home/cgomez/intelFPGA_lite/17.0/nios2eds/bin/gnu/H-x86_64-pc-linux-gnu/bin/../lib/gcc/nios2-elf/5.3.0/mno-hw-mul/libgcc.a(lib2-divmod.o)
 .data          0x0000000000000eb4        0x0 ../Proyecto2_2_bsp//libhal_bsp.a(alt_irq_register.o)
 .data          0x0000000000000eb4        0x0 ../Proyecto2_2_bsp//libhal_bsp.a(alt_irq_vars.o)
 .data          0x0000000000000eb4        0x0 ../Proyecto2_2_bsp//libhal_bsp.a(alt_load.o)
 .data          0x0000000000000eb4        0x0 ../Proyecto2_2_bsp//libhal_bsp.a(alt_main.o)
 .data          0x0000000000000eb4        0x0 ../Proyecto2_2_bsp//libhal_bsp.a(alt_sys_init.o)
 .data          0x0000000000000eb4        0x0 ../Proyecto2_2_bsp//libhal_bsp.a(alt_dcache_flush_all.o)
 .data          0x0000000000000eb4        0x0 ../Proyecto2_2_bsp//libhal_bsp.a(alt_icache_flush_all.o)
 .data          0x0000000000000eb4        0x0 ../Proyecto2_2_bsp//libhal_bsp.a(alt_irq_entry.o)
 .data          0x0000000000000eb4        0x0 ../Proyecto2_2_bsp//libhal_bsp.a(alt_irq_handler.o)
 .data          0x0000000000000eb4        0x0 ../Proyecto2_2_bsp//libhal_bsp.a(altera_nios2_gen2_irq.o)
 .data          0x0000000000000eb4        0x0 ../Proyecto2_2_bsp//libhal_bsp.a(alt_exception_entry.o)
 .data          0x0000000000000eb4        0x0 ../Proyecto2_2_bsp//libhal_bsp.a(alt_instruction_exception_entry.o)
                0x0000000000008eb4                _gp = ABSOLUTE ((. + 0x8000))
                [!provide]                        PROVIDE (gp, _gp)
 *(.rwdata .rwdata.*)
 *(.sdata .sdata.* .gnu.linkonce.s.*)
 .sdata         0x0000000000000eb4       0x2c obj/default/hello_world_small.o
                0x0000000000000eb4                BUTTON
                0x0000000000000eb8                LEDS
                0x0000000000000ebc                SWITCHES
                0x0000000000000ec0                SSEG3
                0x0000000000000ec4                SSEG2
                0x0000000000000ec8                SSEG1
                0x0000000000000ecc                SSEG0
                0x0000000000000ed0                TC
                0x0000000000000ed4                PL
                0x0000000000000ed8                PH
                0x0000000000000edc                TIMER
 .sdata         0x0000000000000ee0        0x4 ../Proyecto2_2_bsp//libhal_bsp.a(alt_irq_vars.o)
                0x0000000000000ee0                alt_priority_mask
 .sdata         0x0000000000000ee4        0x4 ../Proyecto2_2_bsp//libhal_bsp.a(alt_sys_init.o)
                0x0000000000000ee4                uart
 *(.sdata2 .sdata2.* .gnu.linkonce.s2.*)
                0x0000000000000ee8                . = ALIGN (0x4)
                0x0000000000000ee8                _edata = ABSOLUTE (.)
                [!provide]                        PROVIDE (edata, ABSOLUTE (.))
                0x0000000000000ee8                PROVIDE (__ram_rwdata_end, ABSOLUTE (.))
                0x0000000000000ee8                PROVIDE (__flash_rwdata_start, LOADADDR (.rwdata))

.bss            0x0000000000000f1c      0x13c
                0x0000000000000f1c                __bss_start = ABSOLUTE (.)
                [!provide]                        PROVIDE (__sbss_start, ABSOLUTE (.))
                [!provide]                        PROVIDE (___sbss_start, ABSOLUTE (.))
 *(.dynsbss)
 *(.sbss .sbss.* .gnu.linkonce.sb.*)
 .sbss          0x0000000000000f1c       0x24 obj/default/hello_world_small.o
                0x0000000000000f1c                ahoras2
                0x0000000000000f20                ahoras
                0x0000000000000f24                aminutos2
                0x0000000000000f28                aminutos
                0x0000000000000f2c                alarma
                0x0000000000000f30                horas2
                0x0000000000000f34                horas
                0x0000000000000f38                minutos2
                0x0000000000000f3c                minutos
 .sbss          0x0000000000000f40        0x4 obj/default/hello_world_small.o
                0x0000000000000f40                mask
 .sbss          0x0000000000000f44        0x4 ../Proyecto2_2_bsp//libhal_bsp.a(alt_irq_vars.o)
                0x0000000000000f44                alt_irq_active
 .sbss          0x0000000000000f48        0xc ../Proyecto2_2_bsp//libhal_bsp.a(alt_main.o)
                0x0000000000000f48                alt_envp
                0x0000000000000f4c                alt_argv
                0x0000000000000f50                alt_argc
 .sbss          0x0000000000000f54        0x4 ../Proyecto2_2_bsp//libhal_bsp.a(alt_instruction_exception_entry.o)
                0x0000000000000f54                alt_instruction_exception_handler
 *(.sbss2 .sbss2.* .gnu.linkonce.sb2.*)
 *(.scommon)
                [!provide]                        PROVIDE (__sbss_end, ABSOLUTE (.))
                [!provide]                        PROVIDE (___sbss_end, ABSOLUTE (.))
 *(.dynbss)
 *(.bss .bss.* .gnu.linkonce.b.*)
 .bss           0x0000000000000f58        0x0 ../Proyecto2_2_bsp//obj/HAL/src/crt0.o
 .bss           0x0000000000000f58        0x0 obj/default/hello_world_small.o
 .bss           0x0000000000000f58        0x0 /home/cgomez/intelFPGA_lite/17.0/nios2eds/bin/gnu/H-x86_64-pc-linux-gnu/bin/../lib/gcc/nios2-elf/5.3.0/mno-hw-mul/libgcc.a(lib2-divmod.o)
 .bss           0x0000000000000f58        0x0 ../Proyecto2_2_bsp//libhal_bsp.a(alt_irq_register.o)
 .bss           0x0000000000000f58        0x0 ../Proyecto2_2_bsp//libhal_bsp.a(alt_irq_vars.o)
 .bss           0x0000000000000f58        0x0 ../Proyecto2_2_bsp//libhal_bsp.a(alt_load.o)
 .bss           0x0000000000000f58        0x0 ../Proyecto2_2_bsp//libhal_bsp.a(alt_main.o)
 .bss           0x0000000000000f58        0x0 ../Proyecto2_2_bsp//libhal_bsp.a(alt_sys_init.o)
 .bss           0x0000000000000f58        0x0 ../Proyecto2_2_bsp//libhal_bsp.a(alt_dcache_flush_all.o)
 .bss           0x0000000000000f58        0x0 ../Proyecto2_2_bsp//libhal_bsp.a(alt_icache_flush_all.o)
 .bss           0x0000000000000f58        0x0 ../Proyecto2_2_bsp//libhal_bsp.a(alt_irq_entry.o)
 .bss           0x0000000000000f58        0x0 ../Proyecto2_2_bsp//libhal_bsp.a(alt_irq_handler.o)
 .bss           0x0000000000000f58        0x0 ../Proyecto2_2_bsp//libhal_bsp.a(altera_nios2_gen2_irq.o)
 .bss           0x0000000000000f58        0x0 ../Proyecto2_2_bsp//libhal_bsp.a(alt_exception_entry.o)
 .bss           0x0000000000000f58        0x0 ../Proyecto2_2_bsp//libhal_bsp.a(alt_instruction_exception_entry.o)
 *(COMMON)
 COMMON         0x0000000000000f58      0x100 ../Proyecto2_2_bsp//libhal_bsp.a(alt_irq_handler.o)
                0x0000000000000f58                alt_irq
                0x0000000000001058                . = ALIGN (0x4)
                0x0000000000001058                __bss_end = ABSOLUTE (.)

.ram            0x0000000000001058        0x0
                [!provide]                        PROVIDE (_alt_partition_ram_start, ABSOLUTE (.))
 *(.ram .ram. ram.*)
                0x0000000000001058                . = ALIGN (0x4)
                [!provide]                        PROVIDE (_alt_partition_ram_end, ABSOLUTE (.))
                0x0000000000001058                _end = ABSOLUTE (.)
                0x0000000000001058                end = ABSOLUTE (.)
                0x0000000000001058                __alt_stack_base = ABSOLUTE (.)
                [!provide]                        PROVIDE (_alt_partition_ram_load_addr, LOADADDR (.ram))

.stab
 *(.stab)

.stabstr
 *(.stabstr)

.stab.excl
 *(.stab.excl)

.stab.exclstr
 *(.stab.exclstr)

.stab.index
 *(.stab.index)

.stab.indexstr
 *(.stab.indexstr)

.comment        0x0000000000000000       0x23
 *(.comment)
 .comment       0x0000000000000000       0x23 obj/default/hello_world_small.o
                                         0x24 (size before relaxing)
 .comment       0x0000000000000023       0x24 /home/cgomez/intelFPGA_lite/17.0/nios2eds/bin/gnu/H-x86_64-pc-linux-gnu/bin/../lib/gcc/nios2-elf/5.3.0/mno-hw-mul/libgcc.a(lib2-divmod.o)
 .comment       0x0000000000000023       0x24 ../Proyecto2_2_bsp//libhal_bsp.a(alt_irq_register.o)
 .comment       0x0000000000000023       0x24 ../Proyecto2_2_bsp//libhal_bsp.a(alt_irq_vars.o)
 .comment       0x0000000000000023       0x24 ../Proyecto2_2_bsp//libhal_bsp.a(alt_load.o)
 .comment       0x0000000000000023       0x24 ../Proyecto2_2_bsp//libhal_bsp.a(alt_main.o)
 .comment       0x0000000000000023       0x24 ../Proyecto2_2_bsp//libhal_bsp.a(alt_sys_init.o)
 .comment       0x0000000000000023       0x24 ../Proyecto2_2_bsp//libhal_bsp.a(alt_dcache_flush_all.o)
 .comment       0x0000000000000023       0x24 ../Proyecto2_2_bsp//libhal_bsp.a(alt_icache_flush_all.o)
 .comment       0x0000000000000023       0x24 ../Proyecto2_2_bsp//libhal_bsp.a(alt_irq_handler.o)
 .comment       0x0000000000000023       0x24 ../Proyecto2_2_bsp//libhal_bsp.a(altera_nios2_gen2_irq.o)
 .comment       0x0000000000000023       0x24 ../Proyecto2_2_bsp//libhal_bsp.a(alt_instruction_exception_entry.o)

.debug
 *(.debug)

.line
 *(.line)

.debug_srcinfo
 *(.debug_srcinfo)

.debug_sfnames
 *(.debug_sfnames)

.debug_aranges  0x0000000000000000      0x218
 *(.debug_aranges)
 .debug_aranges
                0x0000000000000000       0x28 ../Proyecto2_2_bsp//obj/HAL/src/crt0.o
 .debug_aranges
                0x0000000000000028       0x28 obj/default/hello_world_small.o
 .debug_aranges
                0x0000000000000050       0x20 /home/cgomez/intelFPGA_lite/17.0/nios2eds/bin/gnu/H-x86_64-pc-linux-gnu/bin/../lib/gcc/nios2-elf/5.3.0/mno-hw-mul/libgcc.a(lib2-divmod.o)
 .debug_aranges
                0x0000000000000070       0x20 ../Proyecto2_2_bsp//libhal_bsp.a(alt_irq_register.o)
 .debug_aranges
                0x0000000000000090       0x18 ../Proyecto2_2_bsp//libhal_bsp.a(alt_irq_vars.o)
 .debug_aranges
                0x00000000000000a8       0x20 ../Proyecto2_2_bsp//libhal_bsp.a(alt_load.o)
 .debug_aranges
                0x00000000000000c8       0x20 ../Proyecto2_2_bsp//libhal_bsp.a(alt_main.o)
 .debug_aranges
                0x00000000000000e8       0x20 ../Proyecto2_2_bsp//libhal_bsp.a(alt_sys_init.o)
 .debug_aranges
                0x0000000000000108       0x20 ../Proyecto2_2_bsp//libhal_bsp.a(alt_dcache_flush_all.o)
 .debug_aranges
                0x0000000000000128       0x20 ../Proyecto2_2_bsp//libhal_bsp.a(alt_icache_flush_all.o)
 .debug_aranges
                0x0000000000000148       0x30 ../Proyecto2_2_bsp//libhal_bsp.a(alt_irq_entry.o)
 .debug_aranges
                0x0000000000000178       0x20 ../Proyecto2_2_bsp//libhal_bsp.a(alt_irq_handler.o)
 .debug_aranges
                0x0000000000000198       0x20 ../Proyecto2_2_bsp//libhal_bsp.a(altera_nios2_gen2_irq.o)
 .debug_aranges
                0x00000000000001b8       0x38 ../Proyecto2_2_bsp//libhal_bsp.a(alt_exception_entry.o)
 .debug_aranges
                0x00000000000001f0       0x28 ../Proyecto2_2_bsp//libhal_bsp.a(alt_instruction_exception_entry.o)

.debug_pubnames
 *(.debug_pubnames)

.debug_info     0x0000000000000000     0x149c
 *(.debug_info .gnu.linkonce.wi.*)
 .debug_info    0x0000000000000000       0x6b ../Proyecto2_2_bsp//obj/HAL/src/crt0.o
 .debug_info    0x000000000000006b      0x2e7 obj/default/hello_world_small.o
 .debug_info    0x0000000000000352      0x2c6 /home/cgomez/intelFPGA_lite/17.0/nios2eds/bin/gnu/H-x86_64-pc-linux-gnu/bin/../lib/gcc/nios2-elf/5.3.0/mno-hw-mul/libgcc.a(lib2-divmod.o)
 .debug_info    0x0000000000000618      0x308 ../Proyecto2_2_bsp//libhal_bsp.a(alt_irq_register.o)
 .debug_info    0x0000000000000920       0x88 ../Proyecto2_2_bsp//libhal_bsp.a(alt_irq_vars.o)
 .debug_info    0x00000000000009a8      0x1c9 ../Proyecto2_2_bsp//libhal_bsp.a(alt_load.o)
 .debug_info    0x0000000000000b71      0x169 ../Proyecto2_2_bsp//libhal_bsp.a(alt_main.o)
 .debug_info    0x0000000000000cda      0x19d ../Proyecto2_2_bsp//libhal_bsp.a(alt_sys_init.o)
 .debug_info    0x0000000000000e77       0x92 ../Proyecto2_2_bsp//libhal_bsp.a(alt_dcache_flush_all.o)
 .debug_info    0x0000000000000f09       0x92 ../Proyecto2_2_bsp//libhal_bsp.a(alt_icache_flush_all.o)
 .debug_info    0x0000000000000f9b       0x74 ../Proyecto2_2_bsp//libhal_bsp.a(alt_irq_entry.o)
 .debug_info    0x000000000000100f      0x184 ../Proyecto2_2_bsp//libhal_bsp.a(alt_irq_handler.o)
 .debug_info    0x0000000000001193       0x92 ../Proyecto2_2_bsp//libhal_bsp.a(altera_nios2_gen2_irq.o)
 .debug_info    0x0000000000001225       0x7a ../Proyecto2_2_bsp//libhal_bsp.a(alt_exception_entry.o)
 .debug_info    0x000000000000129f      0x1fd ../Proyecto2_2_bsp//libhal_bsp.a(alt_instruction_exception_entry.o)

.debug_abbrev   0x0000000000000000      0x9f9
 *(.debug_abbrev)
 .debug_abbrev  0x0000000000000000       0x12 ../Proyecto2_2_bsp//obj/HAL/src/crt0.o
 .debug_abbrev  0x0000000000000012      0x12f obj/default/hello_world_small.o
 .debug_abbrev  0x0000000000000141      0x10e /home/cgomez/intelFPGA_lite/17.0/nios2eds/bin/gnu/H-x86_64-pc-linux-gnu/bin/../lib/gcc/nios2-elf/5.3.0/mno-hw-mul/libgcc.a(lib2-divmod.o)
 .debug_abbrev  0x000000000000024f      0x1a5 ../Proyecto2_2_bsp//libhal_bsp.a(alt_irq_register.o)
 .debug_abbrev  0x00000000000003f4       0x40 ../Proyecto2_2_bsp//libhal_bsp.a(alt_irq_vars.o)
 .debug_abbrev  0x0000000000000434       0xd8 ../Proyecto2_2_bsp//libhal_bsp.a(alt_load.o)
 .debug_abbrev  0x000000000000050c       0xee ../Proyecto2_2_bsp//libhal_bsp.a(alt_main.o)
 .debug_abbrev  0x00000000000005fa      0x10e ../Proyecto2_2_bsp//libhal_bsp.a(alt_sys_init.o)
 .debug_abbrev  0x0000000000000708       0x42 ../Proyecto2_2_bsp//libhal_bsp.a(alt_dcache_flush_all.o)
 .debug_abbrev  0x000000000000074a       0x42 ../Proyecto2_2_bsp//libhal_bsp.a(alt_icache_flush_all.o)
 .debug_abbrev  0x000000000000078c       0x12 ../Proyecto2_2_bsp//libhal_bsp.a(alt_irq_entry.o)
 .debug_abbrev  0x000000000000079e      0x120 ../Proyecto2_2_bsp//libhal_bsp.a(alt_irq_handler.o)
 .debug_abbrev  0x00000000000008be       0x42 ../Proyecto2_2_bsp//libhal_bsp.a(altera_nios2_gen2_irq.o)
 .debug_abbrev  0x0000000000000900       0x12 ../Proyecto2_2_bsp//libhal_bsp.a(alt_exception_entry.o)
 .debug_abbrev  0x0000000000000912       0xe7 ../Proyecto2_2_bsp//libhal_bsp.a(alt_instruction_exception_entry.o)

.debug_line     0x0000000000000000      0x9e9
 *(.debug_line)
 .debug_line    0x0000000000000000       0x66 ../Proyecto2_2_bsp//obj/HAL/src/crt0.o
 .debug_line    0x0000000000000066      0x158 obj/default/hello_world_small.o
 .debug_line    0x00000000000001be      0x105 /home/cgomez/intelFPGA_lite/17.0/nios2eds/bin/gnu/H-x86_64-pc-linux-gnu/bin/../lib/gcc/nios2-elf/5.3.0/mno-hw-mul/libgcc.a(lib2-divmod.o)
 .debug_line    0x00000000000002c3       0xed ../Proyecto2_2_bsp//libhal_bsp.a(alt_irq_register.o)
 .debug_line    0x00000000000003b0       0x50 ../Proyecto2_2_bsp//libhal_bsp.a(alt_irq_vars.o)
 .debug_line    0x0000000000000400       0xa4 ../Proyecto2_2_bsp//libhal_bsp.a(alt_load.o)
 .debug_line    0x00000000000004a4       0xbd ../Proyecto2_2_bsp//libhal_bsp.a(alt_main.o)
 .debug_line    0x0000000000000561      0x11a ../Proyecto2_2_bsp//libhal_bsp.a(alt_sys_init.o)
 .debug_line    0x000000000000067b       0x4e ../Proyecto2_2_bsp//libhal_bsp.a(alt_dcache_flush_all.o)
 .debug_line    0x00000000000006c9       0x4e ../Proyecto2_2_bsp//libhal_bsp.a(alt_icache_flush_all.o)
 .debug_line    0x0000000000000717       0x6b ../Proyecto2_2_bsp//libhal_bsp.a(alt_irq_entry.o)
 .debug_line    0x0000000000000782       0xa5 ../Proyecto2_2_bsp//libhal_bsp.a(alt_irq_handler.o)
 .debug_line    0x0000000000000827       0x50 ../Proyecto2_2_bsp//libhal_bsp.a(altera_nios2_gen2_irq.o)
 .debug_line    0x0000000000000877       0xb3 ../Proyecto2_2_bsp//libhal_bsp.a(alt_exception_entry.o)
 .debug_line    0x000000000000092a       0xbf ../Proyecto2_2_bsp//libhal_bsp.a(alt_instruction_exception_entry.o)

.debug_frame    0x0000000000000000      0x23c
 *(.debug_frame)
 .debug_frame   0x0000000000000000       0x70 obj/default/hello_world_small.o
 .debug_frame   0x0000000000000070       0x50 /home/cgomez/intelFPGA_lite/17.0/nios2eds/bin/gnu/H-x86_64-pc-linux-gnu/bin/../lib/gcc/nios2-elf/5.3.0/mno-hw-mul/libgcc.a(lib2-divmod.o)
 .debug_frame   0x00000000000000c0       0x20 ../Proyecto2_2_bsp//libhal_bsp.a(alt_irq_register.o)
 .debug_frame   0x00000000000000e0       0x30 ../Proyecto2_2_bsp//libhal_bsp.a(alt_load.o)
 .debug_frame   0x0000000000000110       0x2c ../Proyecto2_2_bsp//libhal_bsp.a(alt_main.o)
 .debug_frame   0x000000000000013c       0x3c ../Proyecto2_2_bsp//libhal_bsp.a(alt_sys_init.o)
 .debug_frame   0x0000000000000178       0x20 ../Proyecto2_2_bsp//libhal_bsp.a(alt_dcache_flush_all.o)
 .debug_frame   0x0000000000000198       0x20 ../Proyecto2_2_bsp//libhal_bsp.a(alt_icache_flush_all.o)
 .debug_frame   0x00000000000001b8       0x34 ../Proyecto2_2_bsp//libhal_bsp.a(alt_irq_handler.o)
 .debug_frame   0x00000000000001ec       0x20 ../Proyecto2_2_bsp//libhal_bsp.a(altera_nios2_gen2_irq.o)
 .debug_frame   0x000000000000020c       0x30 ../Proyecto2_2_bsp//libhal_bsp.a(alt_instruction_exception_entry.o)

.debug_str      0x0000000000000000      0xbb8
 *(.debug_str)
 .debug_str     0x0000000000000000      0x179 obj/default/hello_world_small.o
                                        0x1e7 (size before relaxing)
 .debug_str     0x0000000000000179      0x188 /home/cgomez/intelFPGA_lite/17.0/nios2eds/bin/gnu/H-x86_64-pc-linux-gnu/bin/../lib/gcc/nios2-elf/5.3.0/mno-hw-mul/libgcc.a(lib2-divmod.o)
                                        0x1d3 (size before relaxing)
 .debug_str     0x0000000000000301       0xfd ../Proyecto2_2_bsp//libhal_bsp.a(alt_irq_register.o)
                                        0x205 (size before relaxing)
 .debug_str     0x00000000000003fe       0x17 ../Proyecto2_2_bsp//libhal_bsp.a(alt_irq_vars.o)
                                        0x137 (size before relaxing)
 .debug_str     0x0000000000000415      0x113 ../Proyecto2_2_bsp//libhal_bsp.a(alt_load.o)
                                        0x239 (size before relaxing)
 .debug_str     0x0000000000000528       0x8f ../Proyecto2_2_bsp//libhal_bsp.a(alt_main.o)
                                        0x1b2 (size before relaxing)
 .debug_str     0x00000000000005b7       0xde ../Proyecto2_2_bsp//libhal_bsp.a(alt_sys_init.o)
                                        0x254 (size before relaxing)
 .debug_str     0x0000000000000695       0x1f ../Proyecto2_2_bsp//libhal_bsp.a(alt_dcache_flush_all.o)
                                        0x152 (size before relaxing)
 .debug_str     0x00000000000006b4       0x1f ../Proyecto2_2_bsp//libhal_bsp.a(alt_icache_flush_all.o)
                                        0x152 (size before relaxing)
 .debug_str     0x00000000000006d3       0x3a ../Proyecto2_2_bsp//libhal_bsp.a(alt_irq_handler.o)
                                        0x194 (size before relaxing)
 .debug_str     0x000000000000070d       0x20 ../Proyecto2_2_bsp//libhal_bsp.a(altera_nios2_gen2_irq.o)
                                        0x159 (size before relaxing)
 .debug_str     0x000000000000072d      0x48b ../Proyecto2_2_bsp//libhal_bsp.a(alt_instruction_exception_entry.o)
                                        0x59d (size before relaxing)

.debug_loc      0x0000000000000000      0x6c0
 *(.debug_loc)
 .debug_loc     0x0000000000000000      0x4ce /home/cgomez/intelFPGA_lite/17.0/nios2eds/bin/gnu/H-x86_64-pc-linux-gnu/bin/../lib/gcc/nios2-elf/5.3.0/mno-hw-mul/libgcc.a(lib2-divmod.o)
 .debug_loc     0x00000000000004ce       0xfa ../Proyecto2_2_bsp//libhal_bsp.a(alt_irq_register.o)
 .debug_loc     0x00000000000005c8       0x21 ../Proyecto2_2_bsp//libhal_bsp.a(alt_sys_init.o)
 .debug_loc     0x00000000000005e9       0x72 ../Proyecto2_2_bsp//libhal_bsp.a(alt_irq_handler.o)
 .debug_loc     0x000000000000065b       0x65 ../Proyecto2_2_bsp//libhal_bsp.a(alt_instruction_exception_entry.o)

.debug_macinfo
 *(.debug_macinfo)

.debug_weaknames
 *(.debug_weaknames)

.debug_funcnames
 *(.debug_funcnames)

.debug_typenames
 *(.debug_typenames)

.debug_varnames
 *(.debug_varnames)

.debug_alt_sim_info
                0x0000000000000000       0x10
 *(.debug_alt_sim_info)
 .debug_alt_sim_info
                0x0000000000000000       0x10 ../Proyecto2_2_bsp//obj/HAL/src/crt0.o
                0x0000000000001000                __alt_data_end = 0x1000
                0x0000000000001000                PROVIDE (__alt_stack_pointer, __alt_data_end)
                [!provide]                        PROVIDE (__alt_stack_limit, __alt_stack_base)
                [!provide]                        PROVIDE (__alt_heap_start, end)
                [!provide]                        PROVIDE (__alt_heap_limit, 0x1000)
OUTPUT(Proyecto2_2.elf elf32-littlenios2)

.debug_ranges   0x0000000000000000      0x160
 .debug_ranges  0x0000000000000000       0x20 ../Proyecto2_2_bsp//obj/HAL/src/crt0.o
 .debug_ranges  0x0000000000000020       0x18 obj/default/hello_world_small.o
 .debug_ranges  0x0000000000000038       0x60 /home/cgomez/intelFPGA_lite/17.0/nios2eds/bin/gnu/H-x86_64-pc-linux-gnu/bin/../lib/gcc/nios2-elf/5.3.0/mno-hw-mul/libgcc.a(lib2-divmod.o)
 .debug_ranges  0x0000000000000098       0x48 ../Proyecto2_2_bsp//libhal_bsp.a(alt_load.o)
 .debug_ranges  0x00000000000000e0       0x28 ../Proyecto2_2_bsp//libhal_bsp.a(alt_irq_entry.o)
 .debug_ranges  0x0000000000000108       0x10 ../Proyecto2_2_bsp//libhal_bsp.a(alt_irq_handler.o)
 .debug_ranges  0x0000000000000118       0x30 ../Proyecto2_2_bsp//libhal_bsp.a(alt_exception_entry.o)
 .debug_ranges  0x0000000000000148       0x18 ../Proyecto2_2_bsp//libhal_bsp.a(alt_instruction_exception_entry.o)
