Archive member included to satisfy reference by file (symbol)

../Proyecto_2_bsp//libhal_bsp.a(alt_load.o)
                              ../Proyecto_2_bsp//obj/HAL/src/crt0.o (alt_load)
../Proyecto_2_bsp//libhal_bsp.a(alt_main.o)
                              ../Proyecto_2_bsp//obj/HAL/src/crt0.o (alt_main)
../Proyecto_2_bsp//libhal_bsp.a(alt_sys_init.o)
                              ../Proyecto_2_bsp//libhal_bsp.a(alt_main.o) (alt_irq_init)
../Proyecto_2_bsp//libhal_bsp.a(alt_dcache_flush_all.o)
                              ../Proyecto_2_bsp//libhal_bsp.a(alt_load.o) (alt_dcache_flush_all)
../Proyecto_2_bsp//libhal_bsp.a(alt_icache_flush_all.o)
                              ../Proyecto_2_bsp//libhal_bsp.a(alt_load.o) (alt_icache_flush_all)
../Proyecto_2_bsp//libhal_bsp.a(altera_nios2_gen2_irq.o)
                              ../Proyecto_2_bsp//libhal_bsp.a(alt_sys_init.o) (altera_nios2_gen2_irq_init)

Memory Configuration

Name             Origin             Length             Attributes
reset            0x0000000000000000 0x0000000000000020
ram              0x0000000000000020 0x0000000000000fe0
*default*        0x0000000000000000 0xffffffffffffffff

Linker script and memory map

LOAD ../Proyecto_2_bsp//obj/HAL/src/crt0.o
LOAD obj/default/hello_world_small.o
LOAD /home/cgomez/intelFPGA_lite/17.0/nios2eds/bin/gnu/H-x86_64-pc-linux-gnu/bin/../lib/gcc/nios2-elf/5.3.0/../../../../../H-x86_64-pc-linux-gnu/nios2-elf/lib/mno-hw-mul/libstdc++.a
LOAD /home/cgomez/intelFPGA_lite/17.0/nios2eds/bin/gnu/H-x86_64-pc-linux-gnu/bin/../lib/gcc/nios2-elf/5.3.0/../../../../../H-x86_64-pc-linux-gnu/nios2-elf/lib/mno-hw-mul/libm.a
LOAD /home/cgomez/intelFPGA_lite/17.0/nios2eds/bin/gnu/H-x86_64-pc-linux-gnu/bin/../lib/gcc/nios2-elf/5.3.0/mno-hw-mul/libgcc.a
START GROUP
LOAD /home/cgomez/intelFPGA_lite/17.0/nios2eds/bin/gnu/H-x86_64-pc-linux-gnu/bin/../lib/gcc/nios2-elf/5.3.0/../../../../../H-x86_64-pc-linux-gnu/nios2-elf/lib/mno-hw-mul/libsmallc.a
LOAD /home/cgomez/intelFPGA_lite/17.0/nios2eds/bin/gnu/H-x86_64-pc-linux-gnu/bin/../lib/gcc/nios2-elf/5.3.0/mno-hw-mul/libgcc.a
LOAD ../Proyecto_2_bsp//libhal_bsp.a
LOAD /home/cgomez/intelFPGA_lite/17.0/nios2eds/bin/gnu/H-x86_64-pc-linux-gnu/bin/../lib/gcc/nios2-elf/5.3.0/../../../../../H-x86_64-pc-linux-gnu/nios2-elf/lib/mno-hw-mul/libm.a
END GROUP
LOAD /home/cgomez/intelFPGA_lite/17.0/nios2eds/bin/gnu/H-x86_64-pc-linux-gnu/bin/../lib/gcc/nios2-elf/5.3.0/mno-hw-mul/libgcc.a
                0x0000000000000000                __alt_mem_ram = 0x0

.entry          0x0000000000000000       0x20
 *(.entry)
 .entry         0x0000000000000000       0x20 ../Proyecto_2_bsp//obj/HAL/src/crt0.o
                0x0000000000000000                __reset
                0x000000000000000c                _exit

.exceptions     0x0000000000000020        0x0
                0x0000000000000020                PROVIDE (__ram_exceptions_start, ABSOLUTE (.))
                0x0000000000000020                . = ALIGN (0x20)
 *(.irq)
 *(.exceptions.entry.label)
 *(.exceptions.entry.user)
 *(.exceptions.entry.ecc_fatal)
 *(.exceptions.entry)
 *(.exceptions.irqtest.user)
 *(.exceptions.irqtest)
 *(.exceptions.irqhandler.user)
 *(.exceptions.irqhandler)
 *(.exceptions.irqreturn.user)
 *(.exceptions.irqreturn)
 *(.exceptions.notirq.label)
 *(.exceptions.notirq.user)
 *(.exceptions.notirq)
 *(.exceptions.soft.user)
 *(.exceptions.soft)
 *(.exceptions.unknown.user)
 *(.exceptions.unknown)
 *(.exceptions.exit.label)
 *(.exceptions.exit.user)
 *(.exceptions.exit)
 *(.exceptions)
                0x0000000000000020                PROVIDE (__ram_exceptions_end, ABSOLUTE (.))
                0x0000000000000020                PROVIDE (__flash_exceptions_start, LOADADDR (.exceptions))

.text           0x0000000000000020      0x4a4
                [!provide]                        PROVIDE (stext, ABSOLUTE (.))
 *(.interp)
 *(.hash)
 *(.dynsym)
 *(.dynstr)
 *(.gnu.version)
 *(.gnu.version_d)
 *(.gnu.version_r)
 *(.rel.init)
 *(.rela.init)
 *(.rel.text .rel.text.* .rel.gnu.linkonce.t.*)
 *(.rela.text .rela.text.* .rela.gnu.linkonce.t.*)
 *(.rel.fini)
 *(.rela.fini)
 *(.rel.rodata .rel.rodata.* .rel.gnu.linkonce.r.*)
 *(.rela.rodata .rela.rodata.* .rela.gnu.linkonce.r.*)
 *(.rel.data .rel.data.* .rel.gnu.linkonce.d.*)
 *(.rela.data .rela.data.* .rela.gnu.linkonce.d.*)
 *(.rel.tdata .rel.tdata.* .rel.gnu.linkonce.td.*)
 *(.rela.tdata .rela.tdata.* .rela.gnu.linkonce.td.*)
 *(.rel.tbss .rel.tbss.* .rel.gnu.linkonce.tb.*)
 *(.rela.tbss .rela.tbss.* .rela.gnu.linkonce.tb.*)
 *(.rel.ctors)
 *(.rela.ctors)
 *(.rel.dtors)
 *(.rela.dtors)
 *(.rel.got)
 *(.rela.got)
 *(.rel.sdata .rel.sdata.* .rel.gnu.linkonce.s.*)
 *(.rela.sdata .rela.sdata.* .rela.gnu.linkonce.s.*)
 *(.rel.sbss .rel.sbss.* .rel.gnu.linkonce.sb.*)
 *(.rela.sbss .rela.sbss.* .rela.gnu.linkonce.sb.*)
 *(.rel.sdata2 .rel.sdata2.* .rel.gnu.linkonce.s2.*)
 *(.rela.sdata2 .rela.sdata2.* .rela.gnu.linkonce.s2.*)
 *(.rel.sbss2 .rel.sbss2.* .rel.gnu.linkonce.sb2.*)
 *(.rela.sbss2 .rela.sbss2.* .rela.gnu.linkonce.sb2.*)
 *(.rel.bss .rel.bss.* .rel.gnu.linkonce.b.*)
 *(.rela.bss .rela.bss.* .rela.gnu.linkonce.b.*)
 *(.rel.plt)
 *(.rela.plt)
 *(.rel.dyn)
 *(.init)
 *(.plt)
 *(.text .stub .text.* .gnu.linkonce.t.*)
 .text          0x0000000000000020       0x3c ../Proyecto_2_bsp//obj/HAL/src/crt0.o
                0x0000000000000020                _start
 .text          0x000000000000005c        0x0 obj/default/hello_world_small.o
 .text.startup  0x000000000000005c      0x328 obj/default/hello_world_small.o
                0x000000000000005c                main
 .text          0x0000000000000384       0xe0 ../Proyecto_2_bsp//libhal_bsp.a(alt_load.o)
                0x0000000000000384                alt_load
 .text          0x0000000000000464       0x2c ../Proyecto_2_bsp//libhal_bsp.a(alt_main.o)
                0x0000000000000464                alt_main
 .text          0x0000000000000490       0x24 ../Proyecto_2_bsp//libhal_bsp.a(alt_sys_init.o)
                0x0000000000000490                alt_irq_init
                0x00000000000004b0                alt_sys_init
 .text          0x00000000000004b4        0x4 ../Proyecto_2_bsp//libhal_bsp.a(alt_dcache_flush_all.o)
                0x00000000000004b4                alt_dcache_flush_all
 .text          0x00000000000004b8        0x4 ../Proyecto_2_bsp//libhal_bsp.a(alt_icache_flush_all.o)
                0x00000000000004b8                alt_icache_flush_all
 .text          0x00000000000004bc        0x8 ../Proyecto_2_bsp//libhal_bsp.a(altera_nios2_gen2_irq.o)
                0x00000000000004bc                altera_nios2_gen2_irq_init
 *(.gnu.warning.*)
 *(.fini)
                [!provide]                        PROVIDE (__etext, ABSOLUTE (.))
                [!provide]                        PROVIDE (_etext, ABSOLUTE (.))
                [!provide]                        PROVIDE (etext, ABSOLUTE (.))
 *(.eh_frame_hdr)
                0x00000000000004c4                . = ALIGN (0x4)
                [!provide]                        PROVIDE (__preinit_array_start, ABSOLUTE (.))
 *(.preinit_array)
                [!provide]                        PROVIDE (__preinit_array_end, ABSOLUTE (.))
                [!provide]                        PROVIDE (__init_array_start, ABSOLUTE (.))
 *(.init_array)
                [!provide]                        PROVIDE (__init_array_end, ABSOLUTE (.))
                [!provide]                        PROVIDE (__fini_array_start, ABSOLUTE (.))
 *(.fini_array)
                [!provide]                        PROVIDE (__fini_array_end, ABSOLUTE (.))
 *(.eh_frame)
 *(.gcc_except_table .gcc_except_table.*)
 *(.dynamic)
                [!provide]                        PROVIDE (__CTOR_LIST__, ABSOLUTE (.))
 *(.ctors)
 *(SORT(.ctors.*))
                [!provide]                        PROVIDE (__CTOR_END__, ABSOLUTE (.))
                [!provide]                        PROVIDE (__DTOR_LIST__, ABSOLUTE (.))
 *(.dtors)
 *(SORT(.dtors.*))
                [!provide]                        PROVIDE (__DTOR_END__, ABSOLUTE (.))
 *(.jcr)
                0x00000000000004c4                . = ALIGN (0x4)

.rodata         0x00000000000004c4        0x0
                0x00000000000004c4                PROVIDE (__ram_rodata_start, ABSOLUTE (.))
                0x00000000000004c4                . = ALIGN (0x4)
 *(.rodata .rodata.* .gnu.linkonce.r.*)
 *(.rodata1)
                0x00000000000004c4                . = ALIGN (0x4)
                0x00000000000004c4                PROVIDE (__ram_rodata_end, ABSOLUTE (.))
                0x00000000000004c4                PROVIDE (__flash_rodata_start, LOADADDR (.rodata))

.rwdata         0x00000000000004c4       0x1c load address 0x00000000000004e0
                0x00000000000004c4                PROVIDE (__ram_rwdata_start, ABSOLUTE (.))
                0x00000000000004c4                . = ALIGN (0x4)
 *(.got.plt)
 *(.got)
 *(.data1)
 *(.data .data.* .gnu.linkonce.d.*)
 .data          0x00000000000004c4        0x0 ../Proyecto_2_bsp//obj/HAL/src/crt0.o
 .data          0x00000000000004c4        0x0 obj/default/hello_world_small.o
 .data          0x00000000000004c4        0x0 ../Proyecto_2_bsp//libhal_bsp.a(alt_load.o)
 .data          0x00000000000004c4        0x0 ../Proyecto_2_bsp//libhal_bsp.a(alt_main.o)
 .data          0x00000000000004c4        0x0 ../Proyecto_2_bsp//libhal_bsp.a(alt_sys_init.o)
 .data          0x00000000000004c4        0x0 ../Proyecto_2_bsp//libhal_bsp.a(alt_dcache_flush_all.o)
 .data          0x00000000000004c4        0x0 ../Proyecto_2_bsp//libhal_bsp.a(alt_icache_flush_all.o)
 .data          0x00000000000004c4        0x0 ../Proyecto_2_bsp//libhal_bsp.a(altera_nios2_gen2_irq.o)
                0x00000000000084c4                _gp = ABSOLUTE ((. + 0x8000))
                [!provide]                        PROVIDE (gp, _gp)
 *(.rwdata .rwdata.*)
 *(.sdata .sdata.* .gnu.linkonce.s.*)
 .sdata         0x00000000000004c4       0x18 obj/default/hello_world_small.o
                0x00000000000004c4                BUTTON
                0x00000000000004c8                LEDS
                0x00000000000004cc                SWITCHES
                0x00000000000004d0                SSEG1
                0x00000000000004d4                SSEG0
                0x00000000000004d8                TIMER
 .sdata         0x00000000000004dc        0x4 ../Proyecto_2_bsp//libhal_bsp.a(alt_sys_init.o)
                0x00000000000004dc                uart
 *(.sdata2 .sdata2.* .gnu.linkonce.s2.*)
                0x00000000000004e0                . = ALIGN (0x4)
                0x00000000000004e0                _edata = ABSOLUTE (.)
                [!provide]                        PROVIDE (edata, ABSOLUTE (.))
                0x00000000000004e0                PROVIDE (__ram_rwdata_end, ABSOLUTE (.))
                0x00000000000004e0                PROVIDE (__flash_rwdata_start, LOADADDR (.rwdata))

.bss            0x00000000000004fc       0x14
                0x00000000000004fc                __bss_start = ABSOLUTE (.)
                [!provide]                        PROVIDE (__sbss_start, ABSOLUTE (.))
                [!provide]                        PROVIDE (___sbss_start, ABSOLUTE (.))
 *(.dynsbss)
 *(.sbss .sbss.* .gnu.linkonce.sb.*)
 .sbss          0x00000000000004fc        0x8 obj/default/hello_world_small.o
                0x00000000000004fc                segundos2
                0x0000000000000500                segundos
 .sbss          0x0000000000000504        0xc ../Proyecto_2_bsp//libhal_bsp.a(alt_main.o)
                0x0000000000000504                alt_envp
                0x0000000000000508                alt_argv
                0x000000000000050c                alt_argc
 *(.sbss2 .sbss2.* .gnu.linkonce.sb2.*)
 *(.scommon)
                [!provide]                        PROVIDE (__sbss_end, ABSOLUTE (.))
                [!provide]                        PROVIDE (___sbss_end, ABSOLUTE (.))
 *(.dynbss)
 *(.bss .bss.* .gnu.linkonce.b.*)
 .bss           0x0000000000000510        0x0 ../Proyecto_2_bsp//obj/HAL/src/crt0.o
 .bss           0x0000000000000510        0x0 obj/default/hello_world_small.o
 .bss           0x0000000000000510        0x0 ../Proyecto_2_bsp//libhal_bsp.a(alt_load.o)
 .bss           0x0000000000000510        0x0 ../Proyecto_2_bsp//libhal_bsp.a(alt_main.o)
 .bss           0x0000000000000510        0x0 ../Proyecto_2_bsp//libhal_bsp.a(alt_sys_init.o)
 .bss           0x0000000000000510        0x0 ../Proyecto_2_bsp//libhal_bsp.a(alt_dcache_flush_all.o)
 .bss           0x0000000000000510        0x0 ../Proyecto_2_bsp//libhal_bsp.a(alt_icache_flush_all.o)
 .bss           0x0000000000000510        0x0 ../Proyecto_2_bsp//libhal_bsp.a(altera_nios2_gen2_irq.o)
 *(COMMON)
                0x0000000000000510                . = ALIGN (0x4)
                0x0000000000000510                __bss_end = ABSOLUTE (.)

.ram            0x0000000000000510        0x0
                [!provide]                        PROVIDE (_alt_partition_ram_start, ABSOLUTE (.))
 *(.ram .ram. ram.*)
                0x0000000000000510                . = ALIGN (0x4)
                [!provide]                        PROVIDE (_alt_partition_ram_end, ABSOLUTE (.))
                0x0000000000000510                _end = ABSOLUTE (.)
                0x0000000000000510                end = ABSOLUTE (.)
                0x0000000000000510                __alt_stack_base = ABSOLUTE (.)
                [!provide]                        PROVIDE (_alt_partition_ram_load_addr, LOADADDR (.ram))

.stab
 *(.stab)

.stabstr
 *(.stabstr)

.stab.excl
 *(.stab.excl)

.stab.exclstr
 *(.stab.exclstr)

.stab.index
 *(.stab.index)

.stab.indexstr
 *(.stab.indexstr)

.comment        0x0000000000000000       0x23
 *(.comment)
 .comment       0x0000000000000000       0x23 obj/default/hello_world_small.o
                                         0x24 (size before relaxing)
 .comment       0x0000000000000023       0x24 ../Proyecto_2_bsp//libhal_bsp.a(alt_load.o)
 .comment       0x0000000000000023       0x24 ../Proyecto_2_bsp//libhal_bsp.a(alt_main.o)
 .comment       0x0000000000000023       0x24 ../Proyecto_2_bsp//libhal_bsp.a(alt_sys_init.o)
 .comment       0x0000000000000023       0x24 ../Proyecto_2_bsp//libhal_bsp.a(alt_dcache_flush_all.o)
 .comment       0x0000000000000023       0x24 ../Proyecto_2_bsp//libhal_bsp.a(alt_icache_flush_all.o)
 .comment       0x0000000000000023       0x24 ../Proyecto_2_bsp//libhal_bsp.a(altera_nios2_gen2_irq.o)

.debug
 *(.debug)

.line
 *(.line)

.debug_srcinfo
 *(.debug_srcinfo)

.debug_sfnames
 *(.debug_sfnames)

.debug_aranges  0x0000000000000000      0x108
 *(.debug_aranges)
 .debug_aranges
                0x0000000000000000       0x28 ../Proyecto_2_bsp//obj/HAL/src/crt0.o
 .debug_aranges
                0x0000000000000028       0x20 obj/default/hello_world_small.o
 .debug_aranges
                0x0000000000000048       0x20 ../Proyecto_2_bsp//libhal_bsp.a(alt_load.o)
 .debug_aranges
                0x0000000000000068       0x20 ../Proyecto_2_bsp//libhal_bsp.a(alt_main.o)
 .debug_aranges
                0x0000000000000088       0x20 ../Proyecto_2_bsp//libhal_bsp.a(alt_sys_init.o)
 .debug_aranges
                0x00000000000000a8       0x20 ../Proyecto_2_bsp//libhal_bsp.a(alt_dcache_flush_all.o)
 .debug_aranges
                0x00000000000000c8       0x20 ../Proyecto_2_bsp//libhal_bsp.a(alt_icache_flush_all.o)
 .debug_aranges
                0x00000000000000e8       0x20 ../Proyecto_2_bsp//libhal_bsp.a(altera_nios2_gen2_irq.o)

.debug_pubnames
 *(.debug_pubnames)

.debug_info     0x0000000000000000      0x81d
 *(.debug_info .gnu.linkonce.wi.*)
 .debug_info    0x0000000000000000       0x74 ../Proyecto_2_bsp//obj/HAL/src/crt0.o
 .debug_info    0x0000000000000074      0x124 obj/default/hello_world_small.o
 .debug_info    0x0000000000000198      0x1c9 ../Proyecto_2_bsp//libhal_bsp.a(alt_load.o)
 .debug_info    0x0000000000000361      0x169 ../Proyecto_2_bsp//libhal_bsp.a(alt_main.o)
 .debug_info    0x00000000000004ca      0x19d ../Proyecto_2_bsp//libhal_bsp.a(alt_sys_init.o)
 .debug_info    0x0000000000000667       0x92 ../Proyecto_2_bsp//libhal_bsp.a(alt_dcache_flush_all.o)
 .debug_info    0x00000000000006f9       0x92 ../Proyecto_2_bsp//libhal_bsp.a(alt_icache_flush_all.o)
 .debug_info    0x000000000000078b       0x92 ../Proyecto_2_bsp//libhal_bsp.a(altera_nios2_gen2_irq.o)

.debug_abbrev   0x0000000000000000      0x40b
 *(.debug_abbrev)
 .debug_abbrev  0x0000000000000000       0x12 ../Proyecto_2_bsp//obj/HAL/src/crt0.o
 .debug_abbrev  0x0000000000000012       0x5f obj/default/hello_world_small.o
 .debug_abbrev  0x0000000000000071       0xd8 ../Proyecto_2_bsp//libhal_bsp.a(alt_load.o)
 .debug_abbrev  0x0000000000000149       0xee ../Proyecto_2_bsp//libhal_bsp.a(alt_main.o)
 .debug_abbrev  0x0000000000000237      0x10e ../Proyecto_2_bsp//libhal_bsp.a(alt_sys_init.o)
 .debug_abbrev  0x0000000000000345       0x42 ../Proyecto_2_bsp//libhal_bsp.a(alt_dcache_flush_all.o)
 .debug_abbrev  0x0000000000000387       0x42 ../Proyecto_2_bsp//libhal_bsp.a(alt_icache_flush_all.o)
 .debug_abbrev  0x00000000000003c9       0x42 ../Proyecto_2_bsp//libhal_bsp.a(altera_nios2_gen2_irq.o)

.debug_line     0x0000000000000000      0x4c1
 *(.debug_line)
 .debug_line    0x0000000000000000       0x66 ../Proyecto_2_bsp//obj/HAL/src/crt0.o
 .debug_line    0x0000000000000066       0xf4 obj/default/hello_world_small.o
 .debug_line    0x000000000000015a       0xa4 ../Proyecto_2_bsp//libhal_bsp.a(alt_load.o)
 .debug_line    0x00000000000001fe       0xbd ../Proyecto_2_bsp//libhal_bsp.a(alt_main.o)
 .debug_line    0x00000000000002bb      0x11a ../Proyecto_2_bsp//libhal_bsp.a(alt_sys_init.o)
 .debug_line    0x00000000000003d5       0x4e ../Proyecto_2_bsp//libhal_bsp.a(alt_dcache_flush_all.o)
 .debug_line    0x0000000000000423       0x4e ../Proyecto_2_bsp//libhal_bsp.a(alt_icache_flush_all.o)
 .debug_line    0x0000000000000471       0x50 ../Proyecto_2_bsp//libhal_bsp.a(altera_nios2_gen2_irq.o)

.debug_frame    0x0000000000000000      0x12c
 *(.debug_frame)
 .debug_frame   0x0000000000000000       0x34 obj/default/hello_world_small.o
 .debug_frame   0x0000000000000034       0x30 ../Proyecto_2_bsp//libhal_bsp.a(alt_load.o)
 .debug_frame   0x0000000000000064       0x2c ../Proyecto_2_bsp//libhal_bsp.a(alt_main.o)
 .debug_frame   0x0000000000000090       0x3c ../Proyecto_2_bsp//libhal_bsp.a(alt_sys_init.o)
 .debug_frame   0x00000000000000cc       0x20 ../Proyecto_2_bsp//libhal_bsp.a(alt_dcache_flush_all.o)
 .debug_frame   0x00000000000000ec       0x20 ../Proyecto_2_bsp//libhal_bsp.a(alt_icache_flush_all.o)
 .debug_frame   0x000000000000010c       0x20 ../Proyecto_2_bsp//libhal_bsp.a(altera_nios2_gen2_irq.o)

.debug_str      0x0000000000000000      0x45e
 *(.debug_str)
 .debug_str     0x0000000000000000      0x138 obj/default/hello_world_small.o
                                        0x176 (size before relaxing)
 .debug_str     0x0000000000000138      0x15b ../Proyecto_2_bsp//libhal_bsp.a(alt_load.o)
                                        0x242 (size before relaxing)
 .debug_str     0x0000000000000293       0x8f ../Proyecto_2_bsp//libhal_bsp.a(alt_main.o)
                                        0x1bb (size before relaxing)
 .debug_str     0x0000000000000322       0xde ../Proyecto_2_bsp//libhal_bsp.a(alt_sys_init.o)
                                        0x25d (size before relaxing)
 .debug_str     0x0000000000000400       0x1f ../Proyecto_2_bsp//libhal_bsp.a(alt_dcache_flush_all.o)
                                        0x15b (size before relaxing)
 .debug_str     0x000000000000041f       0x1f ../Proyecto_2_bsp//libhal_bsp.a(alt_icache_flush_all.o)
                                        0x15b (size before relaxing)
 .debug_str     0x000000000000043e       0x20 ../Proyecto_2_bsp//libhal_bsp.a(altera_nios2_gen2_irq.o)
                                        0x162 (size before relaxing)

.debug_loc      0x0000000000000000       0x21
 *(.debug_loc)
 .debug_loc     0x0000000000000000       0x21 ../Proyecto_2_bsp//libhal_bsp.a(alt_sys_init.o)

.debug_macinfo
 *(.debug_macinfo)

.debug_weaknames
 *(.debug_weaknames)

.debug_funcnames
 *(.debug_funcnames)

.debug_typenames
 *(.debug_typenames)

.debug_varnames
 *(.debug_varnames)

.debug_alt_sim_info
                0x0000000000000000       0x10
 *(.debug_alt_sim_info)
 .debug_alt_sim_info
                0x0000000000000000       0x10 ../Proyecto_2_bsp//obj/HAL/src/crt0.o
                0x0000000000001000                __alt_data_end = 0x1000
                0x0000000000001000                PROVIDE (__alt_stack_pointer, __alt_data_end)
                [!provide]                        PROVIDE (__alt_stack_limit, __alt_stack_base)
                [!provide]                        PROVIDE (__alt_heap_start, end)
                [!provide]                        PROVIDE (__alt_heap_limit, 0x1000)
OUTPUT(Proyecto_2.elf elf32-littlenios2)

.debug_ranges   0x0000000000000000       0x78
 .debug_ranges  0x0000000000000000       0x20 ../Proyecto_2_bsp//obj/HAL/src/crt0.o
 .debug_ranges  0x0000000000000020       0x10 obj/default/hello_world_small.o
 .debug_ranges  0x0000000000000030       0x48 ../Proyecto_2_bsp//libhal_bsp.a(alt_load.o)
